Archive member included to satisfy reference by file (symbol)

C:/Users/maely/STM32CubeIDE_1.13.2/STM32CubeIDE/plugins/com.st.stm32cube.ide.mcu.externaltools.gnu-tools-for-stm32.11.3.rel1.win32_1.1.1.202309131626/tools/bin/../lib/gcc/arm-none-eabi/11.3.1/../../../../arm-none-eabi/lib/thumb/v7e-m+fp/hard\libc_nano.a(libc_a-exit.o)
                              C:/Users/maely/STM32CubeIDE_1.13.2/STM32CubeIDE/plugins/com.st.stm32cube.ide.mcu.externaltools.gnu-tools-for-stm32.11.3.rel1.win32_1.1.1.202309131626/tools/bin/../lib/gcc/arm-none-eabi/11.3.1/../../../../arm-none-eabi/lib/thumb/v7e-m+fp/hard/crt0.o (exit)
C:/Users/maely/STM32CubeIDE_1.13.2/STM32CubeIDE/plugins/com.st.stm32cube.ide.mcu.externaltools.gnu-tools-for-stm32.11.3.rel1.win32_1.1.1.202309131626/tools/bin/../lib/gcc/arm-none-eabi/11.3.1/../../../../arm-none-eabi/lib/thumb/v7e-m+fp/hard\libc_nano.a(libc_a-findfp.o)
                              C:/Users/maely/STM32CubeIDE_1.13.2/STM32CubeIDE/plugins/com.st.stm32cube.ide.mcu.externaltools.gnu-tools-for-stm32.11.3.rel1.win32_1.1.1.202309131626/tools/bin/../lib/gcc/arm-none-eabi/11.3.1/../../../../arm-none-eabi/lib/thumb/v7e-m+fp/hard\libc_nano.a(libc_a-exit.o) (__stdio_exit_handler)
C:/Users/maely/STM32CubeIDE_1.13.2/STM32CubeIDE/plugins/com.st.stm32cube.ide.mcu.externaltools.gnu-tools-for-stm32.11.3.rel1.win32_1.1.1.202309131626/tools/bin/../lib/gcc/arm-none-eabi/11.3.1/../../../../arm-none-eabi/lib/thumb/v7e-m+fp/hard\libc_nano.a(libc_a-fwalk.o)
                              C:/Users/maely/STM32CubeIDE_1.13.2/STM32CubeIDE/plugins/com.st.stm32cube.ide.mcu.externaltools.gnu-tools-for-stm32.11.3.rel1.win32_1.1.1.202309131626/tools/bin/../lib/gcc/arm-none-eabi/11.3.1/../../../../arm-none-eabi/lib/thumb/v7e-m+fp/hard\libc_nano.a(libc_a-findfp.o) (_fwalk_sglue)
C:/Users/maely/STM32CubeIDE_1.13.2/STM32CubeIDE/plugins/com.st.stm32cube.ide.mcu.externaltools.gnu-tools-for-stm32.11.3.rel1.win32_1.1.1.202309131626/tools/bin/../lib/gcc/arm-none-eabi/11.3.1/../../../../arm-none-eabi/lib/thumb/v7e-m+fp/hard\libc_nano.a(libc_a-sprintf.o)
                              ./Core/Src/main.o (sprintf)
C:/Users/maely/STM32CubeIDE_1.13.2/STM32CubeIDE/plugins/com.st.stm32cube.ide.mcu.externaltools.gnu-tools-for-stm32.11.3.rel1.win32_1.1.1.202309131626/tools/bin/../lib/gcc/arm-none-eabi/11.3.1/../../../../arm-none-eabi/lib/thumb/v7e-m+fp/hard\libc_nano.a(libc_a-stdio.o)
                              C:/Users/maely/STM32CubeIDE_1.13.2/STM32CubeIDE/plugins/com.st.stm32cube.ide.mcu.externaltools.gnu-tools-for-stm32.11.3.rel1.win32_1.1.1.202309131626/tools/bin/../lib/gcc/arm-none-eabi/11.3.1/../../../../arm-none-eabi/lib/thumb/v7e-m+fp/hard\libc_nano.a(libc_a-findfp.o) (__sread)
C:/Users/maely/STM32CubeIDE_1.13.2/STM32CubeIDE/plugins/com.st.stm32cube.ide.mcu.externaltools.gnu-tools-for-stm32.11.3.rel1.win32_1.1.1.202309131626/tools/bin/../lib/gcc/arm-none-eabi/11.3.1/../../../../arm-none-eabi/lib/thumb/v7e-m+fp/hard\libc_nano.a(libc_a-memset.o)
                              C:/Users/maely/STM32CubeIDE_1.13.2/STM32CubeIDE/plugins/com.st.stm32cube.ide.mcu.externaltools.gnu-tools-for-stm32.11.3.rel1.win32_1.1.1.202309131626/tools/bin/../lib/gcc/arm-none-eabi/11.3.1/../../../../arm-none-eabi/lib/thumb/v7e-m+fp/hard/crt0.o (memset)
C:/Users/maely/STM32CubeIDE_1.13.2/STM32CubeIDE/plugins/com.st.stm32cube.ide.mcu.externaltools.gnu-tools-for-stm32.11.3.rel1.win32_1.1.1.202309131626/tools/bin/../lib/gcc/arm-none-eabi/11.3.1/../../../../arm-none-eabi/lib/thumb/v7e-m+fp/hard\libc_nano.a(libc_a-closer.o)
                              C:/Users/maely/STM32CubeIDE_1.13.2/STM32CubeIDE/plugins/com.st.stm32cube.ide.mcu.externaltools.gnu-tools-for-stm32.11.3.rel1.win32_1.1.1.202309131626/tools/bin/../lib/gcc/arm-none-eabi/11.3.1/../../../../arm-none-eabi/lib/thumb/v7e-m+fp/hard\libc_nano.a(libc_a-stdio.o) (_close_r)
C:/Users/maely/STM32CubeIDE_1.13.2/STM32CubeIDE/plugins/com.st.stm32cube.ide.mcu.externaltools.gnu-tools-for-stm32.11.3.rel1.win32_1.1.1.202309131626/tools/bin/../lib/gcc/arm-none-eabi/11.3.1/../../../../arm-none-eabi/lib/thumb/v7e-m+fp/hard\libc_nano.a(libc_a-reent.o)
                              C:/Users/maely/STM32CubeIDE_1.13.2/STM32CubeIDE/plugins/com.st.stm32cube.ide.mcu.externaltools.gnu-tools-for-stm32.11.3.rel1.win32_1.1.1.202309131626/tools/bin/../lib/gcc/arm-none-eabi/11.3.1/../../../../arm-none-eabi/lib/thumb/v7e-m+fp/hard\libc_nano.a(libc_a-closer.o) (errno)
C:/Users/maely/STM32CubeIDE_1.13.2/STM32CubeIDE/plugins/com.st.stm32cube.ide.mcu.externaltools.gnu-tools-for-stm32.11.3.rel1.win32_1.1.1.202309131626/tools/bin/../lib/gcc/arm-none-eabi/11.3.1/../../../../arm-none-eabi/lib/thumb/v7e-m+fp/hard\libc_nano.a(libc_a-impure.o)
[...]
Memory Configuration

Name             Origin             Length             Attributes
RAM              0x0000000020000000 0x0000000000018000 xrw
FLASH            0x0000000008000000 0x0000000000080000 xr
*default*        0x0000000000000000 0xffffffffffffffff

Linker script and memory map

LOAD C:/Users/maely/STM32CubeIDE_1.13.2/STM32CubeIDE/plugins/com.st.stm32cube.ide.mcu.externaltools.gnu-tools-for-stm32.11.3.rel1.win32_1.1.1.202309131626/tools/bin/../lib/gcc/arm-none-eabi/11.3.1/thumb/v7e-m+fp/hard/crti.o
LOAD C:/Users/maely/STM32CubeIDE_1.13.2/STM32CubeIDE/plugins/com.st.stm32cube.ide.mcu.externaltools.gnu-tools-for-stm32.11.3.rel1.win32_1.1.1.202309131626/tools/bin/../lib/gcc/arm-none-eabi/11.3.1/thumb/v7e-m+fp/hard/crtbegin.o
LOAD C:/Users/maely/STM32CubeIDE_1.13.2/STM32CubeIDE/plugins/com.st.stm32cube.ide.mcu.externaltools.gnu-tools-for-stm32.11.3.rel1.win32_1.1.1.202309131626/tools/bin/../lib/gcc/arm-none-eabi/11.3.1/../../../../arm-none-eabi/lib/thumb/v7e-m+fp/hard/crt0.o
LOAD ./Core/Src/main.o
LOAD ./Core/Src/stm32f4xx_hal_msp.o
LOAD ./Core/Src/stm32f4xx_it.o
LOAD ./Core/Src/syscalls.o
LOAD ./Core/Src/sysmem.o
LOAD ./Core/Src/system_stm32f4xx.o
LOAD ./Core/Startup/startup_stm32f401retx.o
LOAD ./Drivers/STM32F4xx_HAL_Driver/Src/stm32f4xx_hal.o
LOAD ./Drivers/STM32F4xx_HAL_Driver/Src/stm32f4xx_hal_adc.o
LOAD ./Drivers/STM32F4xx_HAL_Driver/Src/stm32f4xx_hal_adc_ex.o
LOAD ./Drivers/STM32F4xx_HAL_Driver/Src/stm32f4xx_hal_cortex.o
LOAD ./Drivers/STM32F4xx_HAL_Driver/Src/stm32f4xx_hal_dma.o
LOAD ./Drivers/STM32F4xx_HAL_Driver/Src/stm32f4xx_hal_dma_ex.o
LOAD ./Drivers/STM32F4xx_HAL_Driver/Src/stm32f4xx_hal_exti.o
LOAD ./Drivers/STM32F4xx_HAL_Driver/Src/stm32f4xx_hal_flash.o
LOAD ./Drivers/STM32F4xx_HAL_Driver/Src/stm32f4xx_hal_flash_ex.o
LOAD ./Drivers/STM32F4xx_HAL_Driver/Src/stm32f4xx_hal_flash_ramfunc.o
LOAD ./Drivers/STM32F4xx_HAL_Driver/Src/stm32f4xx_hal_gpio.o
LOAD ./Drivers/STM32F4xx_HAL_Driver/Src/stm32f4xx_hal_i2c.o
LOAD ./Drivers/STM32F4xx_HAL_Driver/Src/stm32f4xx_hal_i2c_ex.o
LOAD ./Drivers/STM32F4xx_HAL_Driver/Src/stm32f4xx_hal_pwr.o
LOAD ./Drivers/STM32F4xx_HAL_Driver/Src/stm32f4xx_hal_pwr_ex.o
LOAD ./Drivers/STM32F4xx_HAL_Driver/Src/stm32f4xx_hal_rcc.o
LOAD ./Drivers/STM32F4xx_HAL_Driver/Src/stm32f4xx_hal_rcc_ex.o
LOAD ./Drivers/STM32F4xx_HAL_Driver/Src/stm32f4xx_hal_tim.o
LOAD ./Drivers/STM32F4xx_HAL_Driver/Src/stm32f4xx_hal_tim_ex.o
LOAD ./Drivers/STM32F4xx_HAL_Driver/Src/stm32f4xx_hal_uart.o
LOAD ./Drivers/STM32F4xx_HAL_Driver/Src/stm32f4xx_ll_adc.o
START GROUP
LOAD C:/Users/maely/STM32CubeIDE_1.13.2/STM32CubeIDE/plugins/com.st.stm32cube.ide.mcu.externaltools.gnu-tools-for-stm32.11.3.rel1.win32_1.1.1.202309131626/tools/bin/../lib/gcc/arm-none-eabi/11.3.1/../../../../arm-none-eabi/lib/thumb/v7e-m+fp/hard\libc_nano.a
LOAD C:/Users/maely/STM32CubeIDE_1.13.2/STM32CubeIDE/plugins/com.st.stm32cube.ide.mcu.externaltools.gnu-tools-for-stm32.11.3.rel1.win32_1.1.1.202309131626/tools/bin/../lib/gcc/arm-none-eabi/11.3.1/../../../../arm-none-eabi/lib/thumb/v7e-m+fp/hard\libm.a
END GROUP
START GROUP
LOAD C:/Users/maely/STM32CubeIDE_1.13.2/STM32CubeIDE/plugins/com.st.stm32cube.ide.mcu.externaltools.gnu-tools-for-stm32.11.3.rel1.win32_1.1.1.202309131626/tools/bin/../lib/gcc/arm-none-eabi/11.3.1/thumb/v7e-m+fp/hard\libgcc.a
LOAD C:/Users/maely/STM32CubeIDE_1.13.2/STM32CubeIDE/plugins/com.st.stm32cube.ide.mcu.externaltools.gnu-tools-for-stm32.11.3.rel1.win32_1.1.1.202309131626/tools/bin/../lib/gcc/arm-none-eabi/11.3.1/../../../../arm-none-eabi/lib/thumb/v7e-m+fp/hard\libc_nano.a
END GROUP
START GROUP
LOAD C:/Users/maely/STM32CubeIDE_1.13.2/STM32CubeIDE/plugins/com.st.stm32cube.ide.mcu.externaltools.gnu-tools-for-stm32.11.3.rel1.win32_1.1.1.202309131626/tools/bin/../lib/gcc/arm-none-eabi/11.3.1/thumb/v7e-m+fp/hard\libgcc.a
LOAD C:/Users/maely/STM32CubeIDE_1.13.2/STM32CubeIDE/plugins/com.st.stm32cube.ide.mcu.externaltools.gnu-tools-for-stm32.11.3.rel1.win32_1.1.1.202309131626/tools/bin/../lib/gcc/arm-none-eabi/11.3.1/../../../../arm-none-eabi/lib/thumb/v7e-m+fp/hard\libc_nano.a
LOAD C:/Users/maely/STM32CubeIDE_1.13.2/STM32CubeIDE/plugins/com.st.stm32cube.ide.mcu.externaltools.gnu-tools-for-stm32.11.3.rel1.win32_1.1.1.202309131626/tools/bin/../lib/gcc/arm-none-eabi/11.3.1/../../../../arm-none-eabi/lib/thumb/v7e-m+fp/hard\libnosys.a
END GROUP
START GROUP
LOAD C:/Users/maely/STM32CubeIDE_1.13.2/STM32CubeIDE/plugins/com.st.stm32cube.ide.mcu.externaltools.gnu-tools-for-stm32.11.3.rel1.win32_1.1.1.202309131626/tools/bin/../lib/gcc/arm-none-eabi/11.3.1/thumb/v7e-m+fp/hard\libgcc.a
LOAD C:/Users/maely/STM32CubeIDE_1.13.2/STM32CubeIDE/plugins/com.st.stm32cube.ide.mcu.externaltools.gnu-tools-for-stm32.11.3.rel1.win32_1.1.1.202309131626/tools/bin/../lib/gcc/arm-none-eabi/11.3.1/../../../../arm-none-eabi/lib/thumb/v7e-m+fp/hard\libc_nano.a
LOAD C:/Users/maely/STM32CubeIDE_1.13.2/STM32CubeIDE/plugins/com.st.stm32cube.ide.mcu.externaltools.gnu-tools-for-stm32.11.3.rel1.win32_1.1.1.202309131626/tools/bin/../lib/gcc/arm-none-eabi/11.3.1/../../../../arm-none-eabi/lib/thumb/v7e-m+fp/hard\libnosys.a
END GROUP
LOAD C:/Users/maely/STM32CubeIDE_1.13.2/STM32CubeIDE/plugins/com.st.stm32cube.ide.mcu.externaltools.gnu-tools-for-stm32.11.3.rel1.win32_1.1.1.202309131626/tools/bin/../lib/gcc/arm-none-eabi/11.3.1/thumb/v7e-m+fp/hard/crtend.o
LOAD C:/Users/maely/STM32CubeIDE_1.13.2/STM32CubeIDE/plugins/com.st.stm32cube.ide.mcu.externaltools.gnu-tools-for-stm32.11.3.rel1.win32_1.1.1.202309131626/tools/bin/../lib/gcc/arm-none-eabi/11.3.1/thumb/v7e-m+fp/hard/crtn.o
                0x0000000020018000                _estack = (ORIGIN (RAM) + LENGTH (RAM))
                0x0000000000000200                _Min_Heap_Size = 0x200
                0x0000000000000400                _Min_Stack_Size = 0x400

.isr_vector     0x0000000008000000      0x194
                0x0000000008000000                . = ALIGN (0x4)
 *(.isr_vector)
 .isr_vector    0x0000000008000000      0x194 ./Core/Startup/startup_stm32f401retx.o
                0x0000000008000000                g_pfnVectors
                0x0000000008000194                . = ALIGN (0x4)

.text           0x00000000080001a0     0x3b18
                0x00000000080001a0                . = ALIGN (0x4)
 *(.text)
 .text          0x00000000080001a0       0x40 C:/Users/maely/STM32CubeIDE_1.13.2/STM32CubeIDE/plugins/com.st.stm32cube.ide.mcu.externaltools.gnu-tools-for-stm32.11.3.rel1.win32_1.1.1.202309131626/tools/bin/../lib/gcc/arm-none-eabi/11.3.1/thumb/v7e-m+fp/hard/crtbegin.o
 .text          0x00000000080001e0       0xa0 C:/Users/maely/STM32CubeIDE_1.13.2/STM32CubeIDE/plugins/com.st.stm32cube.ide.mcu.externaltools.gnu-tools-for-stm32.11.3.rel1.win32_1.1.1.202309131626/tools/bin/../lib/gcc/arm-none-eabi/11.3.1/../../../../arm-none-eabi/lib/thumb/v7e-m+fp/hard\libc_nano.a(libc_a-memchr.o)
                0x00000000080001e0                memchr
 .text          0x0000000008000280       0x30 C:/Users/maely/STM32CubeIDE_1.13.2/STM32CubeIDE/plugins/com.st.stm32cube.ide.mcu.externaltools.gnu-tools-for-stm32.11.3.rel1.win32_1.1.1.202309131626/tools/bin/../lib/gcc/arm-none-eabi/11.3.1/thumb/v7e-m+fp/hard\libgcc.a(_aeabi_uldivmod.o)
                0x0000000008000280                __aeabi_uldivmod
 .text          0x00000000080002b0      0x2c8 C:/Users/maely/STM32CubeIDE_1.13.2/STM32CubeIDE/plugins/com.st.stm32cube.ide.mcu.externaltools.gnu-tools-for-stm32.11.3.rel1.win32_1.1.1.202309131626/tools/bin/../lib/gcc/arm-none-eabi/11.3.1/thumb/v7e-m+fp/hard\libgcc.a(_udivmoddi4.o)
                0x00000000080002b0                __udivmoddi4
 .text          0x0000000008000578        0x4 C:/Users/maely/STM32CubeIDE_1.13.2/STM32CubeIDE/plugins/com.st.stm32cube.ide.mcu.externaltools.gnu-tools-for-stm32.11.3.rel1.win32_1.1.1.202309131626/tools/bin/../lib/gcc/arm-none-eabi/11.3.1/thumb/v7e-m+fp/hard\libgcc.a(_dvmd_tls.o)
                0x0000000008000578                __aeabi_idiv0
                0x0000000008000578                __aeabi_ldiv0
 *(.text*)
 .text.ReadPulseSensor.0
                0x000000000800057c       0x38 ./Core/Src/main.o
 .text.main     0x00000000080005b4       0x74 ./Core/Src/main.o
                0x00000000080005b4                main
 .text.lcd_write_nibble
                0x0000000008000628       0x84 ./Core/Src/main.o
                0x0000000008000628                lcd_write_nibble
 .text.lcd_send_cmd
                0x00000000080006ac       0x46 ./Core/Src/main.o
                0x00000000080006ac                lcd_send_cmd
 .text.lcd_send_data
                0x00000000080006f2       0x34 ./Core/Src/main.o
                0x00000000080006f2                lcd_send_data
 .text.lcd_init
                0x0000000008000726       0x5e ./Core/Src/main.o
                0x0000000008000726                lcd_init
 .text.lcd_write_string
                0x0000000008000784       0x2a ./Core/Src/main.o
                0x0000000008000784                lcd_write_string
 .text.lcd_set_cursor
                0x00000000080007ae       0x4a ./Core/Src/main.o
                0x00000000080007ae                lcd_set_cursor
 .text.lcd_clear
                0x00000000080007f8       0x14 ./Core/Src/main.o
                0x00000000080007f8                lcd_clear
 .text.lcd_backlight
                0x000000000800080c       0x30 ./Core/Src/main.o
                0x000000000800080c                lcd_backlight
 .text.SystemClock_Config
                0x000000000800083c       0xd4 ./Core/Src/main.o
                0x000000000800083c                SystemClock_Config
 .text.MX_ADC1_Init
                0x0000000008000910       0xa4 ./Core/Src/main.o
 .text.MX_I2C1_Init
                0x00000000080009b4       0x5c ./Core/Src/main.o
 .text.MX_USART2_UART_Init
                0x0000000008000a10       0x54 ./Core/Src/main.o
 .text.MX_GPIO_Init
                0x0000000008000a64       0xdc ./Core/Src/main.o
 .text.Error_Handler
                0x0000000008000b40        0xa ./Core/Src/main.o
                0x0000000008000b40                Error_Handler
 *fill*         0x0000000008000b4a        0x2 
 .text.HAL_MspInit
                0x0000000008000b4c       0x50 ./Core/Src/stm32f4xx_hal_msp.o
                0x0000000008000b4c                HAL_MspInit
 .text.HAL_ADC_MspInit
                0x0000000008000b9c       0x88 ./Core/Src/stm32f4xx_hal_msp.o
                0x0000000008000b9c                HAL_ADC_MspInit
 .text.HAL_I2C_MspInit
                0x0000000008000c24       0x90 ./Core/Src/stm32f4xx_hal_msp.o
                0x0000000008000c24                HAL_I2C_MspInit
 .text.HAL_UART_MspInit
                0x0000000008000cb4       0x90 ./Core/Src/stm32f4xx_hal_msp.o
                0x0000000008000cb4                HAL_UART_MspInit
 .text.NMI_Handler
                0x0000000008000d44        0x6 ./Core/Src/stm32f4xx_it.o
                0x0000000008000d44                NMI_Handler
 .text.HardFault_Handler
                0x0000000008000d4a        0x6 ./Core/Src/stm32f4xx_it.o
                0x0000000008000d4a                HardFault_Handler
 .text.MemManage_Handler
                0x0000000008000d50        0x6 ./Core/Src/stm32f4xx_it.o
                0x0000000008000d50                MemManage_Handler
 .text.BusFault_Handler
                0x0000000008000d56        0x6 ./Core/Src/stm32f4xx_it.o
                0x0000000008000d56                BusFault_Handler
 .text.UsageFault_Handler
                0x0000000008000d5c        0x6 ./Core/Src/stm32f4xx_it.o
                0x0000000008000d5c                UsageFault_Handler
 .text.SVC_Handler
                0x0000000008000d62        0xe ./Core/Src/stm32f4xx_it.o
                0x0000000008000d62                SVC_Handler
 .text.DebugMon_Handler
                0x0000000008000d70        0xe ./Core/Src/stm32f4xx_it.o
                0x0000000008000d70                DebugMon_Handler
 .text.PendSV_Handler
                0x0000000008000d7e        0xe ./Core/Src/stm32f4xx_it.o
                0x0000000008000d7e                PendSV_Handler
 .text.SysTick_Handler
                0x0000000008000d8c        0xc ./Core/Src/stm32f4xx_it.o
                0x0000000008000d8c                SysTick_Handler
 .text._sbrk    0x0000000008000d98       0x6c ./Core/Src/sysmem.o
                0x0000000008000d98                _sbrk
 .text.SystemInit
                0x0000000008000e04       0x24 ./Core/Src/system_stm32f4xx.o
                0x0000000008000e04                SystemInit
 .text.Reset_Handler
                0x0000000008000e28       0x50 ./Core/Startup/startup_stm32f401retx.o
                0x0000000008000e28                Reset_Handler
 .text.Default_Handler
                0x0000000008000e78        0x2 ./Core/Startup/startup_stm32f401retx.o
                0x0000000008000e78                RTC_Alarm_IRQHandler
                0x0000000008000e78                EXTI2_IRQHandler
                0x0000000008000e78                SPI4_IRQHandler
                0x0000000008000e78                TIM1_CC_IRQHandler
                0x0000000008000e78                DMA2_Stream5_IRQHandler
                0x0000000008000e78                DMA1_Stream5_IRQHandler
                0x0000000008000e78                PVD_IRQHandler
                0x0000000008000e78                SDIO_IRQHandler
                0x0000000008000e78                TAMP_STAMP_IRQHandler
                0x0000000008000e78                EXTI3_IRQHandler
                0x0000000008000e78                TIM1_UP_TIM10_IRQHandler
                0x0000000008000e78                I2C3_ER_IRQHandler
                0x0000000008000e78                EXTI0_IRQHandler
                0x0000000008000e78                I2C2_EV_IRQHandler
                0x0000000008000e78                DMA1_Stream2_IRQHandler
                0x0000000008000e78                FPU_IRQHandler
                0x0000000008000e78                DMA2_Stream2_IRQHandler
                0x0000000008000e78                SPI1_IRQHandler
                0x0000000008000e78                TIM1_BRK_TIM9_IRQHandler
                0x0000000008000e78                DMA2_Stream3_IRQHandler
                0x0000000008000e78                USART6_IRQHandler
                0x0000000008000e78                DMA2_Stream0_IRQHandler
                0x0000000008000e78                TIM4_IRQHandler
                0x0000000008000e78                I2C1_EV_IRQHandler
                0x0000000008000e78                DMA1_Stream6_IRQHandler
                0x0000000008000e78                DMA1_Stream1_IRQHandler
                0x0000000008000e78                TIM3_IRQHandler
                0x0000000008000e78                RCC_IRQHandler
                0x0000000008000e78                Default_Handler
                0x0000000008000e78                EXTI15_10_IRQHandler
                0x0000000008000e78                ADC_IRQHandler
                0x0000000008000e78                DMA1_Stream7_IRQHandler
                0x0000000008000e78                TIM5_IRQHandler
                0x0000000008000e78                DMA2_Stream7_IRQHandler
                0x0000000008000e78                I2C3_EV_IRQHandler
                0x0000000008000e78                EXTI9_5_IRQHandler
                0x0000000008000e78                RTC_WKUP_IRQHandler
                0x0000000008000e78                SPI2_IRQHandler
                0x0000000008000e78                DMA1_Stream0_IRQHandler
                0x0000000008000e78                EXTI4_IRQHandler
                0x0000000008000e78                WWDG_IRQHandler
                0x0000000008000e78                TIM2_IRQHandler
                0x0000000008000e78                OTG_FS_WKUP_IRQHandler
                0x0000000008000e78                TIM1_TRG_COM_TIM11_IRQHandler
                0x0000000008000e78                EXTI1_IRQHandler
                0x0000000008000e78                USART2_IRQHandler
                0x0000000008000e78                I2C2_ER_IRQHandler
                0x0000000008000e78                DMA2_Stream1_IRQHandler
                0x0000000008000e78                FLASH_IRQHandler
                0x0000000008000e78                DMA2_Stream4_IRQHandler
                0x0000000008000e78                USART1_IRQHandler
                0x0000000008000e78                OTG_FS_IRQHandler
                0x0000000008000e78                SPI3_IRQHandler
                0x0000000008000e78                DMA1_Stream4_IRQHandler
                0x0000000008000e78                I2C1_ER_IRQHandler
                0x0000000008000e78                DMA2_Stream6_IRQHandler
                0x0000000008000e78                DMA1_Stream3_IRQHandler
 *fill*         0x0000000008000e7a        0x2 
 .text.HAL_Init
                0x0000000008000e7c       0x44 ./Drivers/STM32F4xx_HAL_Driver/Src/stm32f4xx_hal.o
                0x0000000008000e7c                HAL_Init
 .text.HAL_InitTick
                0x0000000008000ec0       0x60 ./Drivers/STM32F4xx_HAL_Driver/Src/stm32f4xx_hal.o
                0x0000000008000ec0                HAL_InitTick
 .text.HAL_IncTick
                0x0000000008000f20       0x28 ./Drivers/STM32F4xx_HAL_Driver/Src/stm32f4xx_hal.o
                0x0000000008000f20                HAL_IncTick
 .text.HAL_GetTick
                0x0000000008000f48       0x18 ./Drivers/STM32F4xx_HAL_Driver/Src/stm32f4xx_hal.o
                0x0000000008000f48                HAL_GetTick
 .text.HAL_Delay
                0x0000000008000f60       0x48 ./Drivers/STM32F4xx_HAL_Driver/Src/stm32f4xx_hal.o
                0x0000000008000f60                HAL_Delay
 .text.HAL_ADC_Init
                0x0000000008000fa8       0x86 ./Drivers/STM32F4xx_HAL_Driver/Src/stm32f4xx_hal_adc.o
                0x0000000008000fa8                HAL_ADC_Init
 *fill*         0x000000000800102e        0x2 
 .text.HAL_ADC_Start
                0x0000000008001030      0x168 ./Drivers/STM32F4xx_HAL_Driver/Src/stm32f4xx_hal_adc.o
                0x0000000008001030                HAL_ADC_Start
 .text.HAL_ADC_PollForConversion
                0x0000000008001198      0x116 ./Drivers/STM32F4xx_HAL_Driver/Src/stm32f4xx_hal_adc.o
                0x0000000008001198                HAL_ADC_PollForConversion
 .text.HAL_ADC_GetValue
                0x00000000080012ae       0x1a ./Drivers/STM32F4xx_HAL_Driver/Src/stm32f4xx_hal_adc.o
                0x00000000080012ae                HAL_ADC_GetValue
 .text.HAL_ADC_ConfigChannel
                0x00000000080012c8      0x244 ./Drivers/STM32F4xx_HAL_Driver/Src/stm32f4xx_hal_adc.o
                0x00000000080012c8                HAL_ADC_ConfigChannel
 .text.ADC_Init
                0x000000000800150c      0x1f8 ./Drivers/STM32F4xx_HAL_Driver/Src/stm32f4xx_hal_adc.o
 .text.__NVIC_SetPriorityGrouping
                0x0000000008001704       0x48 ./Drivers/STM32F4xx_HAL_Driver/Src/stm32f4xx_hal_cortex.o
 .text.__NVIC_GetPriorityGrouping
                0x000000000800174c       0x1c ./Drivers/STM32F4xx_HAL_Driver/Src/stm32f4xx_hal_cortex.o
 .text.__NVIC_SetPriority
                0x0000000008001768       0x54 ./Drivers/STM32F4xx_HAL_Driver/Src/stm32f4xx_hal_cortex.o
 .text.NVIC_EncodePriority
                0x00000000080017bc       0x66 ./Drivers/STM32F4xx_HAL_Driver/Src/stm32f4xx_hal_cortex.o
 *fill*         0x0000000008001822        0x2 
 .text.SysTick_Config
                0x0000000008001824       0x44 ./Drivers/STM32F4xx_HAL_Driver/Src/stm32f4xx_hal_cortex.o
 .text.HAL_NVIC_SetPriorityGrouping
                0x0000000008001868       0x16 ./Drivers/STM32F4xx_HAL_Driver/Src/stm32f4xx_hal_cortex.o
                0x0000000008001868                HAL_NVIC_SetPriorityGrouping
 .text.HAL_NVIC_SetPriority
                0x000000000800187e       0x38 ./Drivers/STM32F4xx_HAL_Driver/Src/stm32f4xx_hal_cortex.o
                0x000000000800187e                HAL_NVIC_SetPriority
 .text.HAL_SYSTICK_Config
                0x00000000080018b6       0x18 ./Drivers/STM32F4xx_HAL_Driver/Src/stm32f4xx_hal_cortex.o
                0x00000000080018b6                HAL_SYSTICK_Config
 *fill*         0x00000000080018ce        0x2 
 .text.HAL_GPIO_Init
                0x00000000080018d0      0x308 ./Drivers/STM32F4xx_HAL_Driver/Src/stm32f4xx_hal_gpio.o
                0x00000000080018d0                HAL_GPIO_Init
 .text.HAL_GPIO_WritePin
                0x0000000008001bd8       0x32 ./Drivers/STM32F4xx_HAL_Driver/Src/stm32f4xx_hal_gpio.o
                0x0000000008001bd8                HAL_GPIO_WritePin
 *fill*         0x0000000008001c0a        0x2 
 .text.HAL_I2C_Init
                0x0000000008001c0c      0x288 ./Drivers/STM32F4xx_HAL_Driver/Src/stm32f4xx_hal_i2c.o
                0x0000000008001c0c                HAL_I2C_Init
 .text.HAL_I2C_Master_Transmit
                0x0000000008001e94      0x1fc ./Drivers/STM32F4xx_HAL_Driver/Src/stm32f4xx_hal_i2c.o
                0x0000000008001e94                HAL_I2C_Master_Transmit
 .text.I2C_MasterRequestWrite
                0x0000000008002090      0x104 ./Drivers/STM32F4xx_HAL_Driver/Src/stm32f4xx_hal_i2c.o
 .text.I2C_WaitOnFlagUntilTimeout
                0x0000000008002194       0xae ./Drivers/STM32F4xx_HAL_Driver/Src/stm32f4xx_hal_i2c.o
 .text.I2C_WaitOnMasterAddressFlagUntilTimeout
                0x0000000008002242       0xfe ./Drivers/STM32F4xx_HAL_Driver/Src/stm32f4xx_hal_i2c.o
 .text.I2C_WaitOnTXEFlagUntilTimeout
                0x0000000008002340       0x82 ./Drivers/STM32F4xx_HAL_Driver/Src/stm32f4xx_hal_i2c.o
 .text.I2C_WaitOnBTFFlagUntilTimeout
                0x00000000080023c2       0x82 ./Drivers/STM32F4xx_HAL_Driver/Src/stm32f4xx_hal_i2c.o
 .text.I2C_IsAcknowledgeFailed
                0x0000000008002444       0x5e ./Drivers/STM32F4xx_HAL_Driver/Src/stm32f4xx_hal_i2c.o
 *fill*         0x00000000080024a2        0x2 
 .text.HAL_RCC_OscConfig
                0x00000000080024a4      0x4f0 ./Drivers/STM32F4xx_HAL_Driver/Src/stm32f4xx_hal_rcc.o
                0x00000000080024a4                HAL_RCC_OscConfig
 .text.HAL_RCC_ClockConfig
                0x0000000008002994      0x1cc ./Drivers/STM32F4xx_HAL_Driver/Src/stm32f4xx_hal_rcc.o
                0x0000000008002994                HAL_RCC_ClockConfig
 .text.HAL_RCC_GetSysClockFreq
                0x0000000008002b60      0x20c ./Drivers/STM32F4xx_HAL_Driver/Src/stm32f4xx_hal_rcc.o
                0x0000000008002b60                HAL_RCC_GetSysClockFreq
 .text.HAL_RCC_GetHCLKFreq
                0x0000000008002d6c       0x18 ./Drivers/STM32F4xx_HAL_Driver/Src/stm32f4xx_hal_rcc.o
                0x0000000008002d6c                HAL_RCC_GetHCLKFreq
 .text.HAL_RCC_GetPCLK1Freq
                0x0000000008002d84       0x28 ./Drivers/STM32F4xx_HAL_Driver/Src/stm32f4xx_hal_rcc.o
                0x0000000008002d84                HAL_RCC_GetPCLK1Freq
 .text.HAL_RCC_GetPCLK2Freq
                0x0000000008002dac       0x28 ./Drivers/STM32F4xx_HAL_Driver/Src/stm32f4xx_hal_rcc.o
                0x0000000008002dac                HAL_RCC_GetPCLK2Freq
 .text.HAL_UART_Init
                0x0000000008002dd4       0x9a ./Drivers/STM32F4xx_HAL_Driver/Src/stm32f4xx_hal_uart.o
                0x0000000008002dd4                HAL_UART_Init
 *fill*         0x0000000008002e6e        0x2 
 .text.UART_SetConfig
                0x0000000008002e70      0x4e8 ./Drivers/STM32F4xx_HAL_Driver/Src/stm32f4xx_hal_uart.o
 .text.sprintf  0x0000000008003358       0x40 C:/Users/maely/STM32CubeIDE_1.13.2/STM32CubeIDE/plugins/com.st.stm32cube.ide.mcu.externaltools.gnu-tools-for-stm32.11.3.rel1.win32_1.1.1.202309131626/tools/bin/../lib/gcc/arm-none-eabi/11.3.1/../../../../arm-none-eabi/lib/thumb/v7e-m+fp/hard\libc_nano.a(libc_a-sprintf.o)
                0x0000000008003358                siprintf
                0x0000000008003358                sprintf
 .text.memset   0x0000000008003398       0x10 C:/Users/maely/STM32CubeIDE_1.13.2/STM32CubeIDE/plugins/com.st.stm32cube.ide.mcu.externaltools.gnu-tools-for-stm32.11.3.rel1.win32_1.1.1.202309131626/tools/bin/../lib/gcc/arm-none-eabi/11.3.1/../../../../arm-none-eabi/lib/thumb/v7e-m+fp/hard\libc_nano.a(libc_a-memset.o)
                0x0000000008003398                memset
 .text.__errno  0x00000000080033a8        0xc C:/Users/maely/STM32CubeIDE_1.13.2/STM32CubeIDE/plugins/com.st.stm32cube.ide.mcu.externaltools.gnu-tools-for-stm32.11.3.rel1.win32_1.1.1.202309131626/tools/bin/../lib/gcc/arm-none-eabi/11.3.1/../../../../arm-none-eabi/lib/thumb/v7e-m+fp/hard\libc_nano.a(libc_a-errno.o)
                0x00000000080033a8                __errno
 .text.__libc_init_array
                0x00000000080033b4       0x48 C:/Users/maely/STM32CubeIDE_1.13.2/STM32CubeIDE/plugins/com.st.stm32cube.ide.mcu.externaltools.gnu-tools-for-stm32.11.3.rel1.win32_1.1.1.202309131626/tools/bin/../lib/gcc/arm-none-eabi/11.3.1/../../../../arm-none-eabi/lib/thumb/v7e-m+fp/hard\libc_nano.a(libc_a-init.o)
                0x00000000080033b4                __libc_init_array
 .text.__retarget_lock_acquire_recursive
                0x00000000080033fc        0x2 C:/Users/maely/STM32CubeIDE_1.13.2/STM32CubeIDE/plugins/com.st.stm32cube.ide.mcu.externaltools.gnu-tools-for-stm32.11.3.rel1.win32_1.1.1.202309131626/tools/bin/../lib/gcc/arm-none-eabi/11.3.1/../../../../arm-none-eabi/lib/thumb/v7e-m+fp/hard\libc_nano.a(libc_a-lock.o)
                0x00000000080033fc                __retarget_lock_acquire_recursive
 .text.__retarget_lock_release_recursive
                0x00000000080033fe        0x2 C:/Users/maely/STM32CubeIDE_1.13.2/STM32CubeIDE/plugins/com.st.stm32cube.ide.mcu.externaltools.gnu-tools-for-stm32.11.3.rel1.win32_1.1.1.202309131626/tools/bin/../lib/gcc/arm-none-eabi/11.3.1/../../../../arm-none-eabi/lib/thumb/v7e-m+fp/hard\libc_nano.a(libc_a-lock.o)
                0x00000000080033fe                __retarget_lock_release_recursive
 .text._free_r  0x0000000008003400       0x98 C:/Users/maely/STM32CubeIDE_1.13.2/STM32CubeIDE/plugins/com.st.stm32cube.ide.mcu.externaltools.gnu-tools-for-stm32.11.3.rel1.win32_1.1.1.202309131626/tools/bin/../lib/gcc/arm-none-eabi/11.3.1/../../../../arm-none-eabi/lib/thumb/v7e-m+fp/hard\libc_nano.a(libc_a-freer.o)
                0x0000000008003400                _free_r
 .text.sbrk_aligned
                0x0000000008003498       0x40 C:/Users/maely/STM32CubeIDE_1.13.2/STM32CubeIDE/plugins/com.st.stm32cube.ide.mcu.externaltools.gnu-tools-for-stm32.11.3.rel1.win32_1.1.1.202309131626/tools/bin/../lib/gcc/arm-none-eabi/11.3.1/../../../../arm-none-eabi/lib/thumb/v7e-m+fp/hard\libc_nano.a(libc_a-mallocr.o)
 .text._malloc_r
                0x00000000080034d8      0x100 C:/Users/maely/STM32CubeIDE_1.13.2/STM32CubeIDE/plugins/com.st.stm32cube.ide.mcu.externaltools.gnu-tools-for-stm32.11.3.rel1.win32_1.1.1.202309131626/tools/bin/../lib/gcc/arm-none-eabi/11.3.1/../../../../arm-none-eabi/lib/thumb/v7e-m+fp/hard\libc_nano.a(libc_a-mallocr.o)
                0x00000000080034d8                _malloc_r
 .text.__malloc_lock
                0x00000000080035d8        0xc C:/Users/maely/STM32CubeIDE_1.13.2/STM32CubeIDE/plugins/com.st.stm32cube.ide.mcu.externaltools.gnu-tools-for-stm32.11.3.rel1.win32_1.1.1.202309131626/tools/bin/../lib/gcc/arm-none-eabi/11.3.1/../../../../arm-none-eabi/lib/thumb/v7e-m+fp/hard\libc_nano.a(libc_a-mlock.o)
                0x00000000080035d8                __malloc_lock
 .text.__malloc_unlock
                0x00000000080035e4        0xc C:/Users/maely/STM32CubeIDE_1.13.2/STM32CubeIDE/plugins/com.st.stm32cube.ide.mcu.externaltools.gnu-tools-for-stm32.11.3.rel1.win32_1.1.1.202309131626/tools/bin/../lib/gcc/arm-none-eabi/11.3.1/../../../../arm-none-eabi/lib/thumb/v7e-m+fp/hard\libc_nano.a(libc_a-mlock.o)
                0x00000000080035e4                __malloc_unlock
 .text.__ssputs_r
                0x00000000080035f0       0xb4 C:/Users/maely/STM32CubeIDE_1.13.2/STM32CubeIDE/plugins/com.st.stm32cube.ide.mcu.externaltools.gnu-tools-for-stm32.11.3.rel1.win32_1.1.1.202309131626/tools/bin/../lib/gcc/arm-none-eabi/11.3.1/../../../../arm-none-eabi/lib/thumb/v7e-m+fp/hard\libc_nano.a(libc_a-nano-svfprintf.o)
                0x00000000080035f0                __ssputs_r
 .text._svfprintf_r
                0x00000000080036a4      0x1fc C:/Users/maely/STM32CubeIDE_1.13.2/STM32CubeIDE/plugins/com.st.stm32cube.ide.mcu.externaltools.gnu-tools-for-stm32.11.3.rel1.win32_1.1.1.202309131626/tools/bin/../lib/gcc/arm-none-eabi/11.3.1/../../../../arm-none-eabi/lib/thumb/v7e-m+fp/hard\libc_nano.a(libc_a-nano-svfprintf.o)
                0x00000000080036a4                _svfiprintf_r
                0x00000000080036a4                _svfprintf_r
 .text._printf_common
                0x00000000080038a0       0xda C:/Users/maely/STM32CubeIDE_1.13.2/STM32CubeIDE/plugins/com.st.stm32cube.ide.mcu.externaltools.gnu-tools-for-stm32.11.3.rel1.win32_1.1.1.202309131626/tools/bin/../lib/gcc/arm-none-eabi/11.3.1/../../../../arm-none-eabi/lib/thumb/v7e-m+fp/hard\libc_nano.a(libc_a-nano-vfprintf_i.o)
                0x00000000080038a0                _printf_common
 *fill*         0x000000000800397a        0x2 
 .text._printf_i
                0x000000000800397c      0x244 C:/Users/maely/STM32CubeIDE_1.13.2/STM32CubeIDE/plugins/com.st.stm32cube.ide.mcu.externaltools.gnu-tools-for-stm32.11.3.rel1.win32_1.1.1.202309131626/tools/bin/../lib/gcc/arm-none-eabi/11.3.1/../../../../arm-none-eabi/lib/thumb/v7e-m+fp/hard\libc_nano.a(libc_a-nano-vfprintf_i.o)
                0x000000000800397c                _printf_i
 .text.memmove  0x0000000008003bc0       0x34 C:/Users/maely/STM32CubeIDE_1.13.2/STM32CubeIDE/plugins/com.st.stm32cube.ide.mcu.externaltools.gnu-tools-for-stm32.11.3.rel1.win32_1.1.1.202309131626/tools/bin/../lib/gcc/arm-none-eabi/11.3.1/../../../../arm-none-eabi/lib/thumb/v7e-m+fp/hard\libc_nano.a(libc_a-memmove.o)
                0x0000000008003bc0                memmove
 .text._sbrk_r  0x0000000008003bf4       0x20 C:/Users/maely/STM32CubeIDE_1.13.2/STM32CubeIDE/plugins/com.st.stm32cube.ide.mcu.externaltools.gnu-tools-for-stm32.11.3.rel1.win32_1.1.1.202309131626/tools/bin/../lib/gcc/arm-none-eabi/11.3.1/../../../../arm-none-eabi/lib/thumb/v7e-m+fp/hard\libc_nano.a(libc_a-sbrkr.o)
                0x0000000008003bf4                _sbrk_r
 .text.memcpy   0x0000000008003c14       0x1c C:/Users/maely/STM32CubeIDE_1.13.2/STM32CubeIDE/plugins/com.st.stm32cube.ide.mcu.externaltools.gnu-tools-for-stm32.11.3.rel1.win32_1.1.1.202309131626/tools/bin/../lib/gcc/arm-none-eabi/11.3.1/../../../../arm-none-eabi/lib/thumb/v7e-m+fp/hard\libc_nano.a(libc_a-memcpy-stub.o)
                0x0000000008003c14                memcpy
 .text._realloc_r
                0x0000000008003c30       0x5e C:/Users/maely/STM32CubeIDE_1.13.2/STM32CubeIDE/plugins/com.st.stm32cube.ide.mcu.externaltools.gnu-tools-for-stm32.11.3.rel1.win32_1.1.1.202309131626/tools/bin/../lib/gcc/arm-none-eabi/11.3.1/../../../../arm-none-eabi/lib/thumb/v7e-m+fp/hard\libc_nano.a(libc_a-reallocr.o)
                0x0000000008003c30                _realloc_r
 .text._malloc_usable_size_r
                0x0000000008003c8e       0x10 C:/Users/maely/STM32CubeIDE_1.13.2/STM32CubeIDE/plugins/com.st.stm32cube.ide.mcu.externaltools.gnu-tools-for-stm32.11.3.rel1.win32_1.1.1.202309131626/tools/bin/../lib/gcc/arm-none-eabi/11.3.1/../../../../arm-none-eabi/lib/thumb/v7e-m+fp/hard\libc_nano.a(libc_a-msizer.o)
                0x0000000008003c8e                _malloc_usable_size_r
 *(.glue_7)
 .glue_7        0x0000000008003c9e        0x0 linker stubs
 *(.glue_7t)
 .glue_7t       0x0000000008003c9e        0x0 linker stubs
 *(.eh_frame)
 *fill*         0x0000000008003c9e        0x2 
 .eh_frame      0x0000000008003ca0        0x0 C:/Users/maely/STM32CubeIDE_1.13.2/STM32CubeIDE/plugins/com.st.stm32cube.ide.mcu.externaltools.gnu-tools-for-stm32.11.3.rel1.win32_1.1.1.202309131626/tools/bin/../lib/gcc/arm-none-eabi/11.3.1/thumb/v7e-m+fp/hard/crtbegin.o
 *(.init)
 .init          0x0000000008003ca0        0x4 C:/Users/maely/STM32CubeIDE_1.13.2/STM32CubeIDE/plugins/com.st.stm32cube.ide.mcu.externaltools.gnu-tools-for-stm32.11.3.rel1.win32_1.1.1.202309131626/tools/bin/../lib/gcc/arm-none-eabi/11.3.1/thumb/v7e-m+fp/hard/crti.o
                0x0000000008003ca0                _init
 .init          0x0000000008003ca4        0x8 C:/Users/maely/STM32CubeIDE_1.13.2/STM32CubeIDE/plugins/com.st.stm32cube.ide.mcu.externaltools.gnu-tools-for-stm32.11.3.rel1.win32_1.1.1.202309131626/tools/bin/../lib/gcc/arm-none-eabi/11.3.1/thumb/v7e-m+fp/hard/crtn.o
 *(.fini)
 .fini          0x0000000008003cac        0x4 C:/Users/maely/STM32CubeIDE_1.13.2/STM32CubeIDE/plugins/com.st.stm32cube.ide.mcu.externaltools.gnu-tools-for-stm32.11.3.rel1.win32_1.1.1.202309131626/tools/bin/../lib/gcc/arm-none-eabi/11.3.1/thumb/v7e-m+fp/hard/crti.o
                0x0000000008003cac                _fini
 .fini          0x0000000008003cb0        0x8 C:/Users/maely/STM32CubeIDE_1.13.2/STM32CubeIDE/plugins/com.st.stm32cube.ide.mcu.externaltools.gnu-tools-for-stm32.11.3.rel1.win32_1.1.1.202309131626/tools/bin/../lib/gcc/arm-none-eabi/11.3.1/thumb/v7e-m+fp/hard/crtn.o
                0x0000000008003cb8                . = ALIGN (0x4)
                0x0000000008003cb8                _etext = .

.vfp11_veneer   0x0000000008003cb8        0x0
 .vfp11_veneer  0x0000000008003cb8        0x0 linker stubs

.v4_bx          0x0000000008003cb8        0x0
 .v4_bx         0x0000000008003cb8        0x0 linker stubs

.iplt           0x0000000008003cb8        0x0
 .iplt          0x0000000008003cb8        0x0 C:/Users/maely/STM32CubeIDE_1.13.2/STM32CubeIDE/plugins/com.st.stm32cube.ide.mcu.externaltools.gnu-tools-for-stm32.11.3.rel1.win32_1.1.1.202309131626/tools/bin/../lib/gcc/arm-none-eabi/11.3.1/thumb/v7e-m+fp/hard/crtbegin.o

.rodata         0x0000000008003cb8       0x58
                0x0000000008003cb8                . = ALIGN (0x4)
 *(.rodata)
 .rodata        0x0000000008003cb8        0xa ./Core/Src/main.o
 *(.rodata*)
 *fill*         0x0000000008003cc2        0x2 
 .rodata.AHBPrescTable
                0x0000000008003cc4       0x10 ./Core/Src/system_stm32f4xx.o
                0x0000000008003cc4                AHBPrescTable
 .rodata.APBPrescTable
                0x0000000008003cd4        0x8 ./Core/Src/system_stm32f4xx.o
                0x0000000008003cd4                APBPrescTable
 .rodata._svfprintf_r.str1.1
                0x0000000008003cdc       0x11 C:/Users/maely/STM32CubeIDE_1.13.2/STM32CubeIDE/plugins/com.st.stm32cube.ide.mcu.externaltools.gnu-tools-for-stm32.11.3.rel1.win32_1.1.1.202309131626/tools/bin/../lib/gcc/arm-none-eabi/11.3.1/../../../../arm-none-eabi/lib/thumb/v7e-m+fp/hard\libc_nano.a(libc_a-nano-svfprintf.o)
 .rodata._printf_i.str1.1
                0x0000000008003ced       0x22 C:/Users/maely/STM32CubeIDE_1.13.2/STM32CubeIDE/plugins/com.st.stm32cube.ide.mcu.externaltools.gnu-tools-for-stm32.11.3.rel1.win32_1.1.1.202309131626/tools/bin/../lib/gcc/arm-none-eabi/11.3.1/../../../../arm-none-eabi/lib/thumb/v7e-m+fp/hard\libc_nano.a(libc_a-nano-vfprintf_i.o)
                0x0000000008003d10                . = ALIGN (0x4)
 *fill*         0x0000000008003d0f        0x1 

.ARM.extab      0x0000000008003d10        0x0
                0x0000000008003d10                . = ALIGN (0x4)
 *(.ARM.extab* .gnu.linkonce.armextab.*)
                0x0000000008003d10                . = ALIGN (0x4)

.ARM            0x0000000008003d10        0x8
                0x0000000008003d10                . = ALIGN (0x4)
                0x0000000008003d10                __exidx_start = .
 *(.ARM.exidx*)
 .ARM.exidx     0x0000000008003d10        0x8 C:/Users/maely/STM32CubeIDE_1.13.2/STM32CubeIDE/plugins/com.st.stm32cube.ide.mcu.externaltools.gnu-tools-for-stm32.11.3.rel1.win32_1.1.1.202309131626/tools/bin/../lib/gcc/arm-none-eabi/11.3.1/thumb/v7e-m+fp/hard\libgcc.a(_udivmoddi4.o)
                0x0000000008003d18                __exidx_end = .
                0x0000000008003d18                . = ALIGN (0x4)

.rel.dyn        0x0000000008003d18        0x0
 .rel.iplt      0x0000000008003d18        0x0 C:/Users/maely/STM32CubeIDE_1.13.2/STM32CubeIDE/plugins/com.st.stm32cube.ide.mcu.externaltools.gnu-tools-for-stm32.11.3.rel1.win32_1.1.1.202309131626/tools/bin/../lib/gcc/arm-none-eabi/11.3.1/thumb/v7e-m+fp/hard/crtbegin.o

.preinit_array  0x0000000008003d18        0x0
                0x0000000008003d18                . = ALIGN (0x4)
                0x0000000008003d18                PROVIDE (__preinit_array_start = .)
 *(.preinit_array*)
                0x0000000008003d18                PROVIDE (__preinit_array_end = .)
                0x0000000008003d18                . = ALIGN (0x4)

.init_array     0x0000000008003d18        0x4
                0x0000000008003d18                . = ALIGN (0x4)
                0x0000000008003d18                PROVIDE (__init_array_start = .)
 *(SORT_BY_NAME(.init_array.*))
 *(.init_array*)
 .init_array    0x0000000008003d18        0x4 C:/Users/maely/STM32CubeIDE_1.13.2/STM32CubeIDE/plugins/com.st.stm32cube.ide.mcu.externaltools.gnu-tools-for-stm32.11.3.rel1.win32_1.1.1.202309131626/tools/bin/../lib/gcc/arm-none-eabi/11.3.1/thumb/v7e-m+fp/hard/crtbegin.o
                0x0000000008003d1c                PROVIDE (__init_array_end = .)
                0x0000000008003d1c                . = ALIGN (0x4)

.fini_array     0x0000000008003d1c        0x4
                0x0000000008003d1c                . = ALIGN (0x4)
                [!provide]                        PROVIDE (__fini_array_start = .)
 *(SORT_BY_NAME(.fini_array.*))
 *(.fini_array*)
 .fini_array    0x0000000008003d1c        0x4 C:/Users/maely/STM32CubeIDE_1.13.2/STM32CubeIDE/plugins/com.st.stm32cube.ide.mcu.externaltools.gnu-tools-for-stm32.11.3.rel1.win32_1.1.1.202309131626/tools/bin/../lib/gcc/arm-none-eabi/11.3.1/thumb/v7e-m+fp/hard/crtbegin.o
                [!provide]                        PROVIDE (__fini_array_end = .)
                0x0000000008003d20                . = ALIGN (0x4)
                0x0000000008003d20                _sidata = LOADADDR (.data)

.data           0x0000000020000000       0x60 load address 0x0000000008003d20
                0x0000000020000000                . = ALIGN (0x4)
                0x0000000020000000                _sdata = .
 *(.data)
 *(.data*)
 .data.backlight_state
                0x0000000020000000        0x1 ./Core/Src/main.o
                0x0000000020000000                backlight_state
 *fill*         0x0000000020000001        0x3 
 .data.SystemCoreClock
                0x0000000020000004        0x4 ./Core/Src/system_stm32f4xx.o
                0x0000000020000004                SystemCoreClock
 .data.uwTickPrio
                0x0000000020000008        0x4 ./Drivers/STM32F4xx_HAL_Driver/Src/stm32f4xx_hal.o
                0x0000000020000008                uwTickPrio
 .data.uwTickFreq
                0x000000002000000c        0x1 ./Drivers/STM32F4xx_HAL_Driver/Src/stm32f4xx_hal.o
                0x000000002000000c                uwTickFreq
 *fill*         0x000000002000000d        0x3 
 .data._impure_data
                0x0000000020000010       0x4c C:/Users/maely/STM32CubeIDE_1.13.2/STM32CubeIDE/plugins/com.st.stm32cube.ide.mcu.externaltools.gnu-tools-for-stm32.11.3.rel1.win32_1.1.1.202309131626/tools/bin/../lib/gcc/arm-none-eabi/11.3.1/../../../../arm-none-eabi/lib/thumb/v7e-m+fp/hard\libc_nano.a(libc_a-impure.o)
                0x0000000020000010                _impure_data
 .data._impure_ptr
                0x000000002000005c        0x4 C:/Users/maely/STM32CubeIDE_1.13.2/STM32CubeIDE/plugins/com.st.stm32cube.ide.mcu.externaltools.gnu-tools-for-stm32.11.3.rel1.win32_1.1.1.202309131626/tools/bin/../lib/gcc/arm-none-eabi/11.3.1/../../../../arm-none-eabi/lib/thumb/v7e-m+fp/hard\libc_nano.a(libc_a-impure.o)
                0x000000002000005c                _impure_ptr
 *(.RamFunc)
 *(.RamFunc*)
                0x0000000020000060                . = ALIGN (0x4)
                0x0000000020000060                _edata = .

.igot.plt       0x0000000020000060        0x0 load address 0x0000000008003d80
 .igot.plt      0x0000000020000060        0x0 C:/Users/maely/STM32CubeIDE_1.13.2/STM32CubeIDE/plugins/com.st.stm32cube.ide.mcu.externaltools.gnu-tools-for-stm32.11.3.rel1.win32_1.1.1.202309131626/tools/bin/../lib/gcc/arm-none-eabi/11.3.1/thumb/v7e-m+fp/hard/crtbegin.o
                0x0000000020000060                . = ALIGN (0x4)

.bss            0x0000000020000060      0x24c load address 0x0000000008003d80
                0x0000000020000060                _sbss = .
                0x0000000020000060                __bss_start__ = _sbss
 *(.bss)
 .bss           0x0000000020000060       0x1c C:/Users/maely/STM32CubeIDE_1.13.2/STM32CubeIDE/plugins/com.st.stm32cube.ide.mcu.externaltools.gnu-tools-for-stm32.11.3.rel1.win32_1.1.1.202309131626/tools/bin/../lib/gcc/arm-none-eabi/11.3.1/thumb/v7e-m+fp/hard/crtbegin.o
 *(.bss*)
 .bss.hadc1     0x000000002000007c       0x48 ./Core/Src/main.o
                0x000000002000007c                hadc1
 .bss.hi2c1     0x00000000200000c4       0x54 ./Core/Src/main.o
                0x00000000200000c4                hi2c1
 .bss.huart2    0x0000000020000118       0x44 ./Core/Src/main.o
                0x0000000020000118                huart2
 .bss.__sbrk_heap_end
                0x000000002000015c        0x4 ./Core/Src/sysmem.o
 .bss.uwTick    0x0000000020000160        0x4 ./Drivers/STM32F4xx_HAL_Driver/Src/stm32f4xx_hal.o
                0x0000000020000160                uwTick
 .bss.__sf      0x0000000020000164      0x138 C:/Users/maely/STM32CubeIDE_1.13.2/STM32CubeIDE/plugins/com.st.stm32cube.ide.mcu.externaltools.gnu-tools-for-stm32.11.3.rel1.win32_1.1.1.202309131626/tools/bin/../lib/gcc/arm-none-eabi/11.3.1/../../../../arm-none-eabi/lib/thumb/v7e-m+fp/hard\libc_nano.a(libc_a-findfp.o)
                0x0000000020000164                __sf
 .bss.errno     0x000000002000029c        0x4 C:/Users/maely/STM32CubeIDE_1.13.2/STM32CubeIDE/plugins/com.st.stm32cube.ide.mcu.externaltools.gnu-tools-for-stm32.11.3.rel1.win32_1.1.1.202309131626/tools/bin/../lib/gcc/arm-none-eabi/11.3.1/../../../../arm-none-eabi/lib/thumb/v7e-m+fp/hard\libc_nano.a(libc_a-reent.o)
                0x000000002000029c                errno
 .bss.__lock___malloc_recursive_mutex
                0x00000000200002a0        0x1 C:/Users/maely/STM32CubeIDE_1.13.2/STM32CubeIDE/plugins/com.st.stm32cube.ide.mcu.externaltools.gnu-tools-for-stm32.11.3.rel1.win32_1.1.1.202309131626/tools/bin/../lib/gcc/arm-none-eabi/11.3.1/../../../../arm-none-eabi/lib/thumb/v7e-m+fp/hard\libc_nano.a(libc_a-lock.o)
                0x00000000200002a0                __lock___malloc_recursive_mutex
 *fill*         0x00000000200002a1        0x3 
 .bss.__malloc_free_list
                0x00000000200002a4        0x4 C:/Users/maely/STM32CubeIDE_1.13.2/STM32CubeIDE/plugins/com.st.stm32cube.ide.mcu.externaltools.gnu-tools-for-stm32.11.3.rel1.win32_1.1.1.202309131626/tools/bin/../lib/gcc/arm-none-eabi/11.3.1/../../../../arm-none-eabi/lib/thumb/v7e-m+fp/hard\libc_nano.a(libc_a-mallocr.o)
                0x00000000200002a4                __malloc_free_list
 .bss.__malloc_sbrk_start
                0x00000000200002a8        0x4 C:/Users/maely/STM32CubeIDE_1.13.2/STM32CubeIDE/plugins/com.st.stm32cube.ide.mcu.externaltools.gnu-tools-for-stm32.11.3.rel1.win32_1.1.1.202309131626/tools/bin/../lib/gcc/arm-none-eabi/11.3.1/../../../../arm-none-eabi/lib/thumb/v7e-m+fp/hard\libc_nano.a(libc_a-mallocr.o)
                0x00000000200002a8                __malloc_sbrk_start
 *(COMMON)
                0x00000000200002ac                . = ALIGN (0x4)
                0x00000000200002ac                _ebss = .
                0x00000000200002ac                __bss_end__ = _ebss

._user_heap_stack
                0x00000000200002ac      0x604 load address 0x0000000008003d80
                0x00000000200002b0                . = ALIGN (0x8)
 *fill*         0x00000000200002ac        0x4 
                [!provide]                        PROVIDE (end = .)
                0x00000000200002b0                PROVIDE (_end = .)
                0x00000000200004b0                . = (. + _Min_Heap_Size)
 *fill*         0x00000000200002b0      0x200 
                0x00000000200008b0                . = (. + _Min_Stack_Size)
 *fill*         0x00000000200004b0      0x400 
                0x00000000200008b0                . = ALIGN (0x8)

/DISCARD/
 libc.a(*)
 libm.a(*)
 libgcc.a(*)

.ARM.attributes
                0x0000000000000000       0x30
 *(.ARM.attributes)
 .ARM.attributes
                0x0000000000000000       0x1e C:/Users/maely/STM32CubeIDE_1.13.2/STM32CubeIDE/plugins/com.st.stm32cube.ide.mcu.externaltools.gnu-tools-for-stm32.11.3.rel1.win32_1.1.1.202309131626/tools/bin/../lib/gcc/arm-none-eabi/11.3.1/thumb/v7e-m+fp/hard/crti.o
 .ARM.attributes
                0x000000000000001e       0x34 C:/Users/maely/STM32CubeIDE_1.13.2/STM32CubeIDE/plugins/com.st.stm32cube.ide.mcu.externaltools.gnu-tools-for-stm32.11.3.rel1.win32_1.1.1.202309131626/tools/bin/../lib/gcc/arm-none-eabi/11.3.1/thumb/v7e-m+fp/hard/crtbegin.o
 .ARM.attributes
                0x0000000000000052       0x34 ./Core/Src/main.o
 .ARM.attributes
                0x0000000000000086       0x34 ./Core/Src/stm32f4xx_hal_msp.o
 .ARM.attributes
                0x00000000000000ba       0x34 ./Core/Src/stm32f4xx_it.o
 .ARM.attributes
                0x00000000000000ee       0x34 ./Core/Src/sysmem.o
 .ARM.attributes
                0x0000000000000122       0x34 ./Core/Src/system_stm32f4xx.o
 .ARM.attributes
                0x0000000000000156       0x21 ./Core/Startup/startup_stm32f401retx.o
 .ARM.attributes
                0x0000000000000177       0x34 ./Drivers/STM32F4xx_HAL_Driver/Src/stm32f4xx_hal.o
 .ARM.attributes
                0x00000000000001ab       0x34 ./Drivers/STM32F4xx_HAL_Driver/Src/stm32f4xx_hal_adc.o
 .ARM.attributes
                0x00000000000001df       0x34 ./Drivers/STM32F4xx_HAL_Driver/Src/stm32f4xx_hal_cortex.o
 .ARM.attributes
                0x0000000000000213       0x34 ./Drivers/STM32F4xx_HAL_Driver/Src/stm32f4xx_hal_gpio.o
 .ARM.attributes
                0x0000000000000247       0x34 ./Drivers/STM32F4xx_HAL_Driver/Src/stm32f4xx_hal_i2c.o
 .ARM.attributes
                0x000000000000027b       0x34 ./Drivers/STM32F4xx_HAL_Driver/Src/stm32f4xx_hal_rcc.o
 .ARM.attributes
                0x00000000000002af       0x34 ./Drivers/STM32F4xx_HAL_Driver/Src/stm32f4xx_hal_uart.o
 .ARM.attributes
                0x00000000000002e3       0x34 C:/Users/maely/STM32CubeIDE_1.13.2/STM32CubeIDE/plugins/com.st.stm32cube.ide.mcu.externaltools.gnu-tools-for-stm32.11.3.rel1.win32_1.1.1.202309131626/tools/bin/../lib/gcc/arm-none-eabi/11.3.1/../../../../arm-none-eabi/lib/thumb/v7e-m+fp/hard\libc_nano.a(libc_a-findfp.o)
 .ARM.attributes
                0x0000000000000317       0x34 C:/Users/maely/STM32CubeIDE_1.13.2/STM32CubeIDE/plugins/com.st.stm32cube.ide.mcu.externaltools.gnu-tools-for-stm32.11.3.rel1.win32_1.1.1.202309131626/tools/bin/../lib/gcc/arm-none-eabi/11.3.1/../../../../arm-none-eabi/lib/thumb/v7e-m+fp/hard\libc_nano.a(libc_a-sprintf.o)
 .ARM.attributes
                0x000000000000034b       0x34 C:/Users/maely/STM32CubeIDE_1.13.2/STM32CubeIDE/plugins/com.st.stm32cube.ide.mcu.externaltools.gnu-tools-for-stm32.11.3.rel1.win32_1.1.1.202309131626/tools/bin/../lib/gcc/arm-none-eabi/11.3.1/../../../../arm-none-eabi/lib/thumb/v7e-m+fp/hard\libc_nano.a(libc_a-memset.o)
 .ARM.attributes
                0x000000000000037f       0x34 C:/Users/maely/STM32CubeIDE_1.13.2/STM32CubeIDE/plugins/com.st.stm32cube.ide.mcu.externaltools.gnu-tools-for-stm32.11.3.rel1.win32_1.1.1.202309131626/tools/bin/../lib/gcc/arm-none-eabi/11.3.1/../../../../arm-none-eabi/lib/thumb/v7e-m+fp/hard\libc_nano.a(libc_a-reent.o)
 .ARM.attributes
                0x00000000000003b3       0x34 C:/Users/maely/STM32CubeIDE_1.13.2/STM32CubeIDE/plugins/com.st.stm32cube.ide.mcu.externaltools.gnu-tools-for-stm32.11.3.rel1.win32_1.1.1.202309131626/tools/bin/../lib/gcc/arm-none-eabi/11.3.1/../../../../arm-none-eabi/lib/thumb/v7e-m+fp/hard\libc_nano.a(libc_a-impure.o)
 .ARM.attributes
                0x00000000000003e7       0x34 C:/Users/maely/STM32CubeIDE_1.13.2/STM32CubeIDE/plugins/com.st.stm32cube.ide.mcu.externaltools.gnu-tools-for-stm32.11.3.rel1.win32_1.1.1.202309131626/tools/bin/../lib/gcc/arm-none-eabi/11.3.1/../../../../arm-none-eabi/lib/thumb/v7e-m+fp/hard\libc_nano.a(libc_a-errno.o)
 .ARM.attributes
                0x000000000000041b       0x34 C:/Users/maely/STM32CubeIDE_1.13.2/STM32CubeIDE/plugins/com.st.stm32cube.ide.mcu.externaltools.gnu-tools-for-stm32.11.3.rel1.win32_1.1.1.202309131626/tools/bin/../lib/gcc/arm-none-eabi/11.3.1/../../../../arm-none-eabi/lib/thumb/v7e-m+fp/hard\libc_nano.a(libc_a-init.o)
 .ARM.attributes
                0x000000000000044f       0x34 C:/Users/maely/STM32CubeIDE_1.13.2/STM32CubeIDE/plugins/com.st.stm32cube.ide.mcu.externaltools.gnu-tools-for-stm32.11.3.rel1.win32_1.1.1.202309131626/tools/bin/../lib/gcc/arm-none-eabi/11.3.1/../../../../arm-none-eabi/lib/thumb/v7e-m+fp/hard\libc_nano.a(libc_a-lock.o)
 .ARM.attributes
                0x0000000000000483       0x34 C:/Users/maely/STM32CubeIDE_1.13.2/STM32CubeIDE/plugins/com.st.stm32cube.ide.mcu.externaltools.gnu-tools-for-stm32.11.3.rel1.win32_1.1.1.202309131626/tools/bin/../lib/gcc/arm-none-eabi/11.3.1/../../../../arm-none-eabi/lib/thumb/v7e-m+fp/hard\libc_nano.a(libc_a-freer.o)
 .ARM.attributes
                0x00000000000004b7       0x34 C:/Users/maely/STM32CubeIDE_1.13.2/STM32CubeIDE/plugins/com.st.stm32cube.ide.mcu.externaltools.gnu-tools-for-stm32.11.3.rel1.win32_1.1.1.202309131626/tools/bin/../lib/gcc/arm-none-eabi/11.3.1/../../../../arm-none-eabi/lib/thumb/v7e-m+fp/hard\libc_nano.a(libc_a-mallocr.o)
 .ARM.attributes
                0x00000000000004eb       0x34 C:/Users/maely/STM32CubeIDE_1.13.2/STM32CubeIDE/plugins/com.st.stm32cube.ide.mcu.externaltools.gnu-tools-for-stm32.11.3.rel1.win32_1.1.1.202309131626/tools/bin/../lib/gcc/arm-none-eabi/11.3.1/../../../../arm-none-eabi/lib/thumb/v7e-m+fp/hard\libc_nano.a(libc_a-mlock.o)
 .ARM.attributes
                0x000000000000051f       0x34 C:/Users/maely/STM32CubeIDE_1.13.2/STM32CubeIDE/plugins/com.st.stm32cube.ide.mcu.externaltools.gnu-tools-for-stm32.11.3.rel1.win32_1.1.1.202309131626/tools/bin/../lib/gcc/arm-none-eabi/11.3.1/../../../../arm-none-eabi/lib/thumb/v7e-m+fp/hard\libc_nano.a(libc_a-nano-svfprintf.o)
 .ARM.attributes
                0x0000000000000553       0x34 C:/Users/maely/STM32CubeIDE_1.13.2/STM32CubeIDE/plugins/com.st.stm32cube.ide.mcu.externaltools.gnu-tools-for-stm32.11.3.rel1.win32_1.1.1.202309131626/tools/bin/../lib/gcc/arm-none-eabi/11.3.1/../../../../arm-none-eabi/lib/thumb/v7e-m+fp/hard\libc_nano.a(libc_a-nano-vfprintf_i.o)
 .ARM.attributes
                0x0000000000000587       0x34 C:/Users/maely/STM32CubeIDE_1.13.2/STM32CubeIDE/plugins/com.st.stm32cube.ide.mcu.externaltools.gnu-tools-for-stm32.11.3.rel1.win32_1.1.1.202309131626/tools/bin/../lib/gcc/arm-none-eabi/11.3.1/../../../../arm-none-eabi/lib/thumb/v7e-m+fp/hard\libc_nano.a(libc_a-memmove.o)
 .ARM.attributes
                0x00000000000005bb       0x34 C:/Users/maely/STM32CubeIDE_1.13.2/STM32CubeIDE/plugins/com.st.stm32cube.ide.mcu.externaltools.gnu-tools-for-stm32.11.3.rel1.win32_1.1.1.202309131626/tools/bin/../lib/gcc/arm-none-eabi/11.3.1/../../../../arm-none-eabi/lib/thumb/v7e-m+fp/hard\libc_nano.a(libc_a-sbrkr.o)
 .ARM.attributes
                0x00000000000005ef       0x1c C:/Users/maely/STM32CubeIDE_1.13.2/STM32CubeIDE/plugins/com.st.stm32cube.ide.mcu.externaltools.gnu-tools-for-stm32.11.3.rel1.win32_1.1.1.202309131626/tools/bin/../lib/gcc/arm-none-eabi/11.3.1/../../../../arm-none-eabi/lib/thumb/v7e-m+fp/hard\libc_nano.a(libc_a-memchr.o)
 .ARM.attributes
                0x000000000000060b       0x34 C:/Users/maely/STM32CubeIDE_1.13.2/STM32CubeIDE/plugins/com.st.stm32cube.ide.mcu.externaltools.gnu-tools-for-stm32.11.3.rel1.win32_1.1.1.202309131626/tools/bin/../lib/gcc/arm-none-eabi/11.3.1/../../../../arm-none-eabi/lib/thumb/v7e-m+fp/hard\libc_nano.a(libc_a-memcpy-stub.o)
 .ARM.attributes
                0x000000000000063f       0x34 C:/Users/maely/STM32CubeIDE_1.13.2/STM32CubeIDE/plugins/com.st.stm32cube.ide.mcu.externaltools.gnu-tools-for-stm32.11.3.rel1.win32_1.1.1.202309131626/tools/bin/../lib/gcc/arm-none-eabi/11.3.1/../../../../arm-none-eabi/lib/thumb/v7e-m+fp/hard\libc_nano.a(libc_a-reallocr.o)
 .ARM.attributes
                0x0000000000000673       0x34 C:/Users/maely/STM32CubeIDE_1.13.2/STM32CubeIDE/plugins/com.st.stm32cube.ide.mcu.externaltools.gnu-tools-for-stm32.11.3.rel1.win32_1.1.1.202309131626/tools/bin/../lib/gcc/arm-none-eabi/11.3.1/../../../../arm-none-eabi/lib/thumb/v7e-m+fp/hard\libc_nano.a(libc_a-msizer.o)
 .ARM.attributes
                0x00000000000006a7       0x1e C:/Users/maely/STM32CubeIDE_1.13.2/STM32CubeIDE/plugins/com.st.stm32cube.ide.mcu.externaltools.gnu-tools-for-stm32.11.3.rel1.win32_1.1.1.202309131626/tools/bin/../lib/gcc/arm-none-eabi/11.3.1/thumb/v7e-m+fp/hard\libgcc.a(_aeabi_uldivmod.o)
 .ARM.attributes
                0x00000000000006c5       0x34 C:/Users/maely/STM32CubeIDE_1.13.2/STM32CubeIDE/plugins/com.st.stm32cube.ide.mcu.externaltools.gnu-tools-for-stm32.11.3.rel1.win32_1.1.1.202309131626/tools/bin/../lib/gcc/arm-none-eabi/11.3.1/thumb/v7e-m+fp/hard\libgcc.a(_udivmoddi4.o)
 .ARM.attributes
                0x00000000000006f9       0x1e C:/Users/maely/STM32CubeIDE_1.13.2/STM32CubeIDE/plugins/com.st.stm32cube.ide.mcu.externaltools.gnu-tools-for-stm32.11.3.rel1.win32_1.1.1.202309131626/tools/bin/../lib/gcc/arm-none-eabi/11.3.1/thumb/v7e-m+fp/hard\libgcc.a(_dvmd_tls.o)
 .ARM.attributes
                0x0000000000000717       0x1e C:/Users/maely/STM32CubeIDE_1.13.2/STM32CubeIDE/plugins/com.st.stm32cube.ide.mcu.externaltools.gnu-tools-for-stm32.11.3.rel1.win32_1.1.1.202309131626/tools/bin/../lib/gcc/arm-none-eabi/11.3.1/thumb/v7e-m+fp/hard/crtn.o
OUTPUT(198 LCD.elf elf32-littlearm)
LOAD linker stubs
LOAD C:/Users/maely/STM32CubeIDE_1.13.2/STM32CubeIDE/plugins/com.st.stm32cube.ide.mcu.externaltools.gnu-tools-for-stm32.11.3.rel1.win32_1.1.1.202309131626/tools/bin/../lib/gcc/arm-none-eabi/11.3.1/../../../../arm-none-eabi/lib/thumb/v7e-m+fp/hard\libc.a
LOAD C:/Users/maely/STM32CubeIDE_1.13.2/STM32CubeIDE/plugins/com.st.stm32cube.ide.mcu.externaltools.gnu-tools-for-stm32.11.3.rel1.win32_1.1.1.202309131626/tools/bin/../lib/gcc/arm-none-eabi/11.3.1/../../../../arm-none-eabi/lib/thumb/v7e-m+fp/hard\libm.a
LOAD C:/Users/maely/STM32CubeIDE_1.13.2/STM32CubeIDE/plugins/com.st.stm32cube.ide.mcu.externaltools.gnu-tools-for-stm32.11.3.rel1.win32_1.1.1.202309131626/tools/bin/../lib/gcc/arm-none-eabi/11.3.1/thumb/v7e-m+fp/hard\libgcc.a

.comment        0x0000000000000000       0x43
 .comment       0x0000000000000000       0x43 C:/Users/maely/STM32CubeIDE_1.13.2/STM32CubeIDE/plugins/com.st.stm32cube.ide.mcu.externaltools.gnu-tools-for-stm32.11.3.rel1.win32_1.1.1.202309131626/tools/bin/../lib/gcc/arm-none-eabi/11.3.1/thumb/v7e-m+fp/hard/crtbegin.o
                                         0x44 (size before relaxing)
 .comment       0x0000000000000043       0x44 ./Core/Src/main.o
 .comment       0x0000000000000043       0x44 ./Core/Src/stm32f4xx_hal_msp.o
 .comment       0x0000000000000043       0x44 ./Core/Src/stm32f4xx_it.o
 .comment       0x0000000000000043       0x44 ./Core/Src/sysmem.o
 .comment       0x0000000000000043       0x44 ./Core/Src/system_stm32f4xx.o
 .comment       0x0000000000000043       0x44 ./Drivers/STM32F4xx_HAL_Driver/Src/stm32f4xx_hal.o
 .comment       0x0000000000000043       0x44 ./Drivers/STM32F4xx_HAL_Driver/Src/stm32f4xx_hal_adc.o
 .comment       0x0000000000000043       0x44 ./Drivers/STM32F4xx_HAL_Driver/Src/stm32f4xx_hal_cortex.o
 .comment       0x0000000000000043       0x44 ./Drivers/STM32F4xx_HAL_Driver/Src/stm32f4xx_hal_gpio.o
 .comment       0x0000000000000043       0x44 ./Drivers/STM32F4xx_HAL_Driver/Src/stm32f4xx_hal_i2c.o
 .comment       0x0000000000000043       0x44 ./Drivers/STM32F4xx_HAL_Driver/Src/stm32f4xx_hal_rcc.o
 .comment       0x0000000000000043       0x44 ./Drivers/STM32F4xx_HAL_Driver/Src/stm32f4xx_hal_uart.o

.debug_info     0x0000000000000000     0xb13b
 .debug_info    0x0000000000000000     0x146a ./Core/Src/main.o
 .debug_info    0x000000000000146a      0xf1d ./Core/Src/stm32f4xx_hal_msp.o
 .debug_info    0x0000000000002387      0x112 ./Core/Src/stm32f4xx_it.o
 .debug_info    0x0000000000002499      0x168 ./Core/Src/sysmem.o
 .debug_info    0x0000000000002601      0x53e ./Core/Src/system_stm32f4xx.o
 .debug_info    0x0000000000002b3f       0x23 ./Core/Startup/startup_stm32f401retx.o
 .debug_info    0x0000000000002b62      0x8bb ./Drivers/STM32F4xx_HAL_Driver/Src/stm32f4xx_hal.o
 .debug_info    0x000000000000341d      0xcd1 ./Drivers/STM32F4xx_HAL_Driver/Src/stm32f4xx_hal_adc.o
 .debug_info    0x00000000000040ee      0xcb0 ./Drivers/STM32F4xx_HAL_Driver/Src/stm32f4xx_hal_cortex.o
 .debug_info    0x0000000000004d9e      0x6f9 ./Drivers/STM32F4xx_HAL_Driver/Src/stm32f4xx_hal_gpio.o
 .debug_info    0x0000000000005497     0x23f2 ./Drivers/STM32F4xx_HAL_Driver/Src/stm32f4xx_hal_i2c.o
 .debug_info    0x0000000000007889      0x8f3 ./Drivers/STM32F4xx_HAL_Driver/Src/stm32f4xx_hal_rcc.o
 .debug_info    0x000000000000817c     0x2fbf ./Drivers/STM32F4xx_HAL_Driver/Src/stm32f4xx_hal_uart.o

.debug_abbrev   0x0000000000000000     0x192f
 .debug_abbrev  0x0000000000000000      0x334 ./Core/Src/main.o
 .debug_abbrev  0x0000000000000334      0x1c1 ./Core/Src/stm32f4xx_hal_msp.o
 .debug_abbrev  0x00000000000004f5       0x73 ./Core/Src/stm32f4xx_it.o
 .debug_abbrev  0x0000000000000568       0xbc ./Core/Src/sysmem.o
 .debug_abbrev  0x0000000000000624      0x11a ./Core/Src/system_stm32f4xx.o
 .debug_abbrev  0x000000000000073e       0x12 ./Core/Startup/startup_stm32f401retx.o
 .debug_abbrev  0x0000000000000750      0x24b ./Drivers/STM32F4xx_HAL_Driver/Src/stm32f4xx_hal.o
 .debug_abbrev  0x000000000000099b      0x20e ./Drivers/STM32F4xx_HAL_Driver/Src/stm32f4xx_hal_adc.o
 .debug_abbrev  0x0000000000000ba9      0x327 ./Drivers/STM32F4xx_HAL_Driver/Src/stm32f4xx_hal_cortex.o
 .debug_abbrev  0x0000000000000ed0      0x1d3 ./Drivers/STM32F4xx_HAL_Driver/Src/stm32f4xx_hal_gpio.o
 .debug_abbrev  0x00000000000010a3      0x2bc ./Drivers/STM32F4xx_HAL_Driver/Src/stm32f4xx_hal_i2c.o
 .debug_abbrev  0x000000000000135f      0x2b5 ./Drivers/STM32F4xx_HAL_Driver/Src/stm32f4xx_hal_rcc.o
 .debug_abbrev  0x0000000000001614      0x31b ./Drivers/STM32F4xx_HAL_Driver/Src/stm32f4xx_hal_uart.o

.debug_aranges  0x0000000000000000      0xa30
 .debug_aranges
                0x0000000000000000       0xa0 ./Core/Src/main.o
 .debug_aranges
                0x00000000000000a0       0x50 ./Core/Src/stm32f4xx_hal_msp.o
 .debug_aranges
                0x00000000000000f0       0x60 ./Core/Src/stm32f4xx_it.o
 .debug_aranges
                0x0000000000000150       0x20 ./Core/Src/sysmem.o
 .debug_aranges
                0x0000000000000170       0x28 ./Core/Src/system_stm32f4xx.o
 .debug_aranges
                0x0000000000000198       0x28 ./Core/Startup/startup_stm32f401retx.o
 .debug_aranges
                0x00000000000001c0       0xf0 ./Drivers/STM32F4xx_HAL_Driver/Src/stm32f4xx_hal.o
 .debug_aranges
                0x00000000000002b0       0xe8 ./Drivers/STM32F4xx_HAL_Driver/Src/stm32f4xx_hal_adc.o
 .debug_aranges
                0x0000000000000398      0x118 ./Drivers/STM32F4xx_HAL_Driver/Src/stm32f4xx_hal_cortex.o
 .debug_aranges
                0x00000000000004b0       0x58 ./Drivers/STM32F4xx_HAL_Driver/Src/stm32f4xx_hal_gpio.o
 .debug_aranges
                0x0000000000000508      0x2a0 ./Drivers/STM32F4xx_HAL_Driver/Src/stm32f4xx_hal_i2c.o
 .debug_aranges
                0x00000000000007a8       0x88 ./Drivers/STM32F4xx_HAL_Driver/Src/stm32f4xx_hal_rcc.o
 .debug_aranges
                0x0000000000000830      0x200 ./Drivers/STM32F4xx_HAL_Driver/Src/stm32f4xx_hal_uart.o

.debug_rnglists
                0x0000000000000000      0x7fd
 .debug_rnglists
                0x0000000000000000       0x77 ./Core/Src/main.o
 .debug_rnglists
                0x0000000000000077       0x3a ./Core/Src/stm32f4xx_hal_msp.o
 .debug_rnglists
                0x00000000000000b1       0x43 ./Core/Src/stm32f4xx_it.o
 .debug_rnglists
                0x00000000000000f4       0x13 ./Core/Src/sysmem.o
 .debug_rnglists
                0x0000000000000107       0x1a ./Core/Src/system_stm32f4xx.o
 .debug_rnglists
                0x0000000000000121       0x19 ./Core/Startup/startup_stm32f401retx.o
 .debug_rnglists
                0x000000000000013a       0xaf ./Drivers/STM32F4xx_HAL_Driver/Src/stm32f4xx_hal.o
 .debug_rnglists
                0x00000000000001e9       0xb5 ./Drivers/STM32F4xx_HAL_Driver/Src/stm32f4xx_hal_adc.o
 .debug_rnglists
                0x000000000000029e       0xce ./Drivers/STM32F4xx_HAL_Driver/Src/stm32f4xx_hal_cortex.o
 .debug_rnglists
                0x000000000000036c       0x3f ./Drivers/STM32F4xx_HAL_Driver/Src/stm32f4xx_hal_gpio.o
 .debug_rnglists
                0x00000000000003ab      0x235 ./Drivers/STM32F4xx_HAL_Driver/Src/stm32f4xx_hal_i2c.o
 .debug_rnglists
                0x00000000000005e0       0x66 ./Drivers/STM32F4xx_HAL_Driver/Src/stm32f4xx_hal_rcc.o
 .debug_rnglists
                0x0000000000000646      0x1b7 ./Drivers/STM32F4xx_HAL_Driver/Src/stm32f4xx_hal_uart.o

.debug_macro    0x0000000000000000    0x16e9e
 .debug_macro   0x0000000000000000      0x382 ./Core/Src/main.o
 .debug_macro   0x0000000000000382      0xaa8 ./Core/Src/main.o
 .debug_macro   0x0000000000000e2a      0x2a1 ./Core/Src/main.o
 .debug_macro   0x00000000000010cb       0x2e ./Core/Src/main.o
 .debug_macro   0x00000000000010f9       0x28 ./Core/Src/main.o
 .debug_macro   0x0000000000001121       0x22 ./Core/Src/main.o
 .debug_macro   0x0000000000001143       0x8e ./Core/Src/main.o
 .debug_macro   0x00000000000011d1       0x51 ./Core/Src/main.o
 .debug_macro   0x0000000000001222      0x103 ./Core/Src/main.o
 .debug_macro   0x0000000000001325       0x6a ./Core/Src/main.o
 .debug_macro   0x000000000000138f      0x1df ./Core/Src/main.o
 .debug_macro   0x000000000000156e       0x1c ./Core/Src/main.o
 .debug_macro   0x000000000000158a       0x22 ./Core/Src/main.o
 .debug_macro   0x00000000000015ac       0xd9 ./Core/Src/main.o
 .debug_macro   0x0000000000001685     0x102d ./Core/Src/main.o
 .debug_macro   0x00000000000026b2      0x11f ./Core/Src/main.o
 .debug_macro   0x00000000000027d1     0xb86c ./Core/Src/main.o
 .debug_macro   0x000000000000e03d       0x6d ./Core/Src/main.o
 .debug_macro   0x000000000000e0aa     0x367e ./Core/Src/main.o
 .debug_macro   0x0000000000011728      0x174 ./Core/Src/main.o
 .debug_macro   0x000000000001189c       0x5c ./Core/Src/main.o
 .debug_macro   0x00000000000118f8      0x416 ./Core/Src/main.o
 .debug_macro   0x0000000000011d0e      0x9fe ./Core/Src/main.o
 .debug_macro   0x000000000001270c      0x115 ./Core/Src/main.o
 .debug_macro   0x0000000000012821       0xf8 ./Core/Src/main.o
 .debug_macro   0x0000000000012919       0xa5 ./Core/Src/main.o
 .debug_macro   0x00000000000129be      0x15f ./Core/Src/main.o
 .debug_macro   0x0000000000012b1d      0x287 ./Core/Src/main.o
 .debug_macro   0x0000000000012da4       0x5f ./Core/Src/main.o
 .debug_macro   0x0000000000012e03      0x236 ./Core/Src/main.o
 .debug_macro   0x0000000000013039      0x9e1 ./Core/Src/main.o
 .debug_macro   0x0000000000013a1a      0x38b ./Core/Src/main.o
 .debug_macro   0x0000000000013da5      0x176 ./Core/Src/main.o
 .debug_macro   0x0000000000013f1b       0xf9 ./Core/Src/main.o
 .debug_macro   0x0000000000014014      0x132 ./Core/Src/main.o
 .debug_macro   0x0000000000014146      0x264 ./Core/Src/main.o
 .debug_macro   0x00000000000143aa       0x2e ./Core/Src/main.o
 .debug_macro   0x00000000000143d8      0x1b5 ./Core/Src/main.o
 .debug_macro   0x000000000001458d       0x22 ./Core/Src/main.o
 .debug_macro   0x00000000000145af       0xd6 ./Core/Src/main.o
 .debug_macro   0x0000000000014685      0x11a ./Core/Src/main.o
 .debug_macro   0x000000000001479f       0x85 ./Core/Src/main.o
 .debug_macro   0x0000000000014824       0x89 ./Core/Src/main.o
 .debug_macro   0x00000000000148ad      0x295 ./Core/Src/main.o
 .debug_macro   0x0000000000014b42      0x126 ./Core/Src/main.o
 .debug_macro   0x0000000000014c68       0x58 ./Core/Src/main.o
 .debug_macro   0x0000000000014cc0       0x61 ./Core/Src/main.o
 .debug_macro   0x0000000000014d21       0x2a ./Core/Src/main.o
 .debug_macro   0x0000000000014d4b       0x43 ./Core/Src/main.o
 .debug_macro   0x0000000000014d8e       0x34 ./Core/Src/main.o
 .debug_macro   0x0000000000014dc2       0x16 ./Core/Src/main.o
 .debug_macro   0x0000000000014dd8       0x35 ./Core/Src/main.o
 .debug_macro   0x0000000000014e0d      0x369 ./Core/Src/main.o
 .debug_macro   0x0000000000015176       0x10 ./Core/Src/main.o
 .debug_macro   0x0000000000015186       0x16 ./Core/Src/main.o
 .debug_macro   0x000000000001519c       0x43 ./Core/Src/main.o
 .debug_macro   0x00000000000151df       0x34 ./Core/Src/main.o
 .debug_macro   0x0000000000015213       0x10 ./Core/Src/main.o
 .debug_macro   0x0000000000015223       0x58 ./Core/Src/main.o
 .debug_macro   0x000000000001527b       0x8e ./Core/Src/main.o
 .debug_macro   0x0000000000015309       0x1c ./Core/Src/main.o
 .debug_macro   0x0000000000015325      0x177 ./Core/Src/main.o
 .debug_macro   0x000000000001549c       0x16 ./Core/Src/main.o
 .debug_macro   0x00000000000154b2       0x16 ./Core/Src/main.o
 .debug_macro   0x00000000000154c8      0x147 ./Core/Src/main.o
 .debug_macro   0x000000000001560f       0x16 ./Core/Src/main.o
 .debug_macro   0x0000000000015625       0x20 ./Core/Src/main.o
 .debug_macro   0x0000000000015645       0x16 ./Core/Src/main.o
 .debug_macro   0x000000000001565b       0x16 ./Core/Src/main.o
 .debug_macro   0x0000000000015671       0x29 ./Core/Src/main.o
 .debug_macro   0x000000000001569a      0x20a ./Core/Src/stm32f4xx_hal_msp.o
 .debug_macro   0x00000000000158a4      0x214 ./Core/Src/stm32f4xx_it.o
 .debug_macro   0x0000000000015ab8       0xff ./Core/Src/sysmem.o
 .debug_macro   0x0000000000015bb7      0x23c ./Core/Src/sysmem.o
 .debug_macro   0x0000000000015df3      0x1fb ./Core/Src/system_stm32f4xx.o
 .debug_macro   0x0000000000015fee      0x25b ./Drivers/STM32F4xx_HAL_Driver/Src/stm32f4xx_hal.o
 .debug_macro   0x0000000000016249      0x1fc ./Drivers/STM32F4xx_HAL_Driver/Src/stm32f4xx_hal_adc.o
 .debug_macro   0x0000000000016445      0x1fb ./Drivers/STM32F4xx_HAL_Driver/Src/stm32f4xx_hal_cortex.o
 .debug_macro   0x0000000000016640      0x201 ./Drivers/STM32F4xx_HAL_Driver/Src/stm32f4xx_hal_gpio.o
 .debug_macro   0x0000000000016841      0x242 ./Drivers/STM32F4xx_HAL_Driver/Src/stm32f4xx_hal_i2c.o
 .debug_macro   0x0000000000016a83      0x21f ./Drivers/STM32F4xx_HAL_Driver/Src/stm32f4xx_hal_rcc.o
 .debug_macro   0x0000000000016ca2      0x1fc ./Drivers/STM32F4xx_HAL_Driver/Src/stm32f4xx_hal_uart.o

.debug_line     0x0000000000000000     0xd4e0
 .debug_line    0x0000000000000000      0xd19 ./Core/Src/main.o
 .debug_line    0x0000000000000d19      0x865 ./Core/Src/stm32f4xx_hal_msp.o
 .debug_line    0x000000000000157e      0x844 ./Core/Src/stm32f4xx_it.o
 .debug_line    0x0000000000001dc2      0x660 ./Core/Src/sysmem.o
 .debug_line    0x0000000000002422      0x803 ./Core/Src/system_stm32f4xx.o
 .debug_line    0x0000000000002c25       0x7a ./Core/Startup/startup_stm32f401retx.o
 .debug_line    0x0000000000002c9f      0xa69 ./Drivers/STM32F4xx_HAL_Driver/Src/stm32f4xx_hal.o
 .debug_line    0x0000000000003708     0x1207 ./Drivers/STM32F4xx_HAL_Driver/Src/stm32f4xx_hal_adc.o
 .debug_line    0x000000000000490f      0xd18 ./Drivers/STM32F4xx_HAL_Driver/Src/stm32f4xx_hal_cortex.o
 .debug_line    0x0000000000005627      0xba1 ./Drivers/STM32F4xx_HAL_Driver/Src/stm32f4xx_hal_gpio.o
 .debug_line    0x00000000000061c8     0x3a2b ./Drivers/STM32F4xx_HAL_Driver/Src/stm32f4xx_hal_i2c.o
 .debug_line    0x0000000000009bf3      0xde2 ./Drivers/STM32F4xx_HAL_Driver/Src/stm32f4xx_hal_rcc.o
 .debug_line    0x000000000000a9d5     0x2b0b ./Drivers/STM32F4xx_HAL_Driver/Src/stm32f4xx_hal_uart.o

.debug_str      0x0000000000000000    0x92ee5
 .debug_str     0x0000000000000000    0x903ec ./Core/Src/main.o
                                      0x90755 (size before relaxing)
 .debug_str     0x00000000000903ec       0xd1 ./Core/Src/stm32f4xx_hal_msp.o
                                      0x8cb2f (size before relaxing)
 .debug_str     0x00000000000904bd       0xc9 ./Core/Src/stm32f4xx_it.o
                                      0x8c145 (size before relaxing)
 .debug_str     0x0000000000090586      0x4dc ./Core/Src/sysmem.o
                                       0x605d (size before relaxing)
 .debug_str     0x0000000000090a62       0xdb ./Core/Src/system_stm32f4xx.o
                                      0x8c15b (size before relaxing)
 .debug_str     0x0000000000090b3d       0x34 ./Core/Startup/startup_stm32f401retx.o
                                         0x6f (size before relaxing)
 .debug_str     0x0000000000090b71      0x991 ./Drivers/STM32F4xx_HAL_Driver/Src/stm32f4xx_hal.o
                                      0x8cb7d (size before relaxing)
 .debug_str     0x0000000000091502      0x297 ./Drivers/STM32F4xx_HAL_Driver/Src/stm32f4xx_hal_adc.o
                                      0x8c736 (size before relaxing)
 .debug_str     0x0000000000091799      0x34d ./Drivers/STM32F4xx_HAL_Driver/Src/stm32f4xx_hal_cortex.o
                                      0x8c89e (size before relaxing)
 .debug_str     0x0000000000091ae6      0x121 ./Drivers/STM32F4xx_HAL_Driver/Src/stm32f4xx_hal_gpio.o
                                      0x8c2d6 (size before relaxing)
 .debug_str     0x0000000000091c07      0xad7 ./Drivers/STM32F4xx_HAL_Driver/Src/stm32f4xx_hal_i2c.o
                                      0x8d119 (size before relaxing)
 .debug_str     0x00000000000926de      0x213 ./Drivers/STM32F4xx_HAL_Driver/Src/stm32f4xx_hal_rcc.o
                                      0x8c58f (size before relaxing)
 .debug_str     0x00000000000928f1      0x5f4 ./Drivers/STM32F4xx_HAL_Driver/Src/stm32f4xx_hal_uart.o
                                      0x8cb1c (size before relaxing)

.debug_frame    0x0000000000000000     0x2f98
 .debug_frame   0x0000000000000000      0x248 ./Core/Src/main.o
 .debug_frame   0x0000000000000248      0x10c ./Core/Src/stm32f4xx_hal_msp.o
 .debug_frame   0x0000000000000354      0x104 ./Core/Src/stm32f4xx_it.o
 .debug_frame   0x0000000000000458       0x34 ./Core/Src/sysmem.o
 .debug_frame   0x000000000000048c       0x58 ./Core/Src/system_stm32f4xx.o
 .debug_frame   0x00000000000004e4      0x374 ./Drivers/STM32F4xx_HAL_Driver/Src/stm32f4xx_hal.o
 .debug_frame   0x0000000000000858      0x3fc ./Drivers/STM32F4xx_HAL_Driver/Src/stm32f4xx_hal_adc.o
 .debug_frame   0x0000000000000c54      0x498 ./Drivers/STM32F4xx_HAL_Driver/Src/stm32f4xx_hal_cortex.o
 .debug_frame   0x00000000000010ec      0x14c ./Drivers/STM32F4xx_HAL_Driver/Src/stm32f4xx_hal_gpio.o
 .debug_frame   0x0000000000001238      0xc5c ./Drivers/STM32F4xx_HAL_Driver/Src/stm32f4xx_hal_i2c.o
 .debug_frame   0x0000000000001e94      0x1f4 ./Drivers/STM32F4xx_HAL_Driver/Src/stm32f4xx_hal_rcc.o
 .debug_frame   0x0000000000002088      0x92c ./Drivers/STM32F4xx_HAL_Driver/Src/stm32f4xx_hal_uart.o
 .debug_frame   0x00000000000029b4      0x144 C:/Users/maely/STM32CubeIDE_1.13.2/STM32CubeIDE/plugins/com.st.stm32cube.ide.mcu.externaltools.gnu-tools-for-stm32.11.3.rel1.win32_1.1.1.202309131626/tools/bin/../lib/gcc/arm-none-eabi/11.3.1/../../../../arm-none-eabi/lib/thumb/v7e-m+fp/hard\libc_nano.a(libc_a-findfp.o)
 .debug_frame   0x0000000000002af8       0x6c C:/Users/maely/STM32CubeIDE_1.13.2/STM32CubeIDE/plugins/com.st.stm32cube.ide.mcu.externaltools.gnu-tools-for-stm32.11.3.rel1.win32_1.1.1.202309131626/tools/bin/../lib/gcc/arm-none-eabi/11.3.1/../../../../arm-none-eabi/lib/thumb/v7e-m+fp/hard\libc_nano.a(libc_a-sprintf.o)
 .debug_frame   0x0000000000002b64       0x20 C:/Users/maely/STM32CubeIDE_1.13.2/STM32CubeIDE/plugins/com.st.stm32cube.ide.mcu.externaltools.gnu-tools-for-stm32.11.3.rel1.win32_1.1.1.202309131626/tools/bin/../lib/gcc/arm-none-eabi/11.3.1/../../../../arm-none-eabi/lib/thumb/v7e-m+fp/hard\libc_nano.a(libc_a-memset.o)
 .debug_frame   0x0000000000002b84       0x38 C:/Users/maely/STM32CubeIDE_1.13.2/STM32CubeIDE/plugins/com.st.stm32cube.ide.mcu.externaltools.gnu-tools-for-stm32.11.3.rel1.win32_1.1.1.202309131626/tools/bin/../lib/gcc/arm-none-eabi/11.3.1/../../../../arm-none-eabi/lib/thumb/v7e-m+fp/hard\libc_nano.a(libc_a-reent.o)
 .debug_frame   0x0000000000002bbc       0x20 C:/Users/maely/STM32CubeIDE_1.13.2/STM32CubeIDE/plugins/com.st.stm32cube.ide.mcu.externaltools.gnu-tools-for-stm32.11.3.rel1.win32_1.1.1.202309131626/tools/bin/../lib/gcc/arm-none-eabi/11.3.1/../../../../arm-none-eabi/lib/thumb/v7e-m+fp/hard\libc_nano.a(libc_a-errno.o)
 .debug_frame   0x0000000000002bdc       0x2c C:/Users/maely/STM32CubeIDE_1.13.2/STM32CubeIDE/plugins/com.st.stm32cube.ide.mcu.externaltools.gnu-tools-for-stm32.11.3.rel1.win32_1.1.1.202309131626/tools/bin/../lib/gcc/arm-none-eabi/11.3.1/../../../../arm-none-eabi/lib/thumb/v7e-m+fp/hard\libc_nano.a(libc_a-init.o)
 .debug_frame   0x0000000000002c08       0xb0 C:/Users/maely/STM32CubeIDE_1.13.2/STM32CubeIDE/plugins/com.st.stm32cube.ide.mcu.externaltools.gnu-tools-for-stm32.11.3.rel1.win32_1.1.1.202309131626/tools/bin/../lib/gcc/arm-none-eabi/11.3.1/../../../../arm-none-eabi/lib/thumb/v7e-m+fp/hard\libc_nano.a(libc_a-lock.o)
 .debug_frame   0x0000000000002cb8       0x38 C:/Users/maely/STM32CubeIDE_1.13.2/STM32CubeIDE/plugins/com.st.stm32cube.ide.mcu.externaltools.gnu-tools-for-stm32.11.3.rel1.win32_1.1.1.202309131626/tools/bin/../lib/gcc/arm-none-eabi/11.3.1/../../../../arm-none-eabi/lib/thumb/v7e-m+fp/hard\libc_nano.a(libc_a-freer.o)
 .debug_frame   0x0000000000002cf0       0x50 C:/Users/maely/STM32CubeIDE_1.13.2/STM32CubeIDE/plugins/com.st.stm32cube.ide.mcu.externaltools.gnu-tools-for-stm32.11.3.rel1.win32_1.1.1.202309131626/tools/bin/../lib/gcc/arm-none-eabi/11.3.1/../../../../arm-none-eabi/lib/thumb/v7e-m+fp/hard\libc_nano.a(libc_a-mallocr.o)
 .debug_frame   0x0000000000002d40       0x30 C:/Users/maely/STM32CubeIDE_1.13.2/STM32CubeIDE/plugins/com.st.stm32cube.ide.mcu.externaltools.gnu-tools-for-stm32.11.3.rel1.win32_1.1.1.202309131626/tools/bin/../lib/gcc/arm-none-eabi/11.3.1/../../../../arm-none-eabi/lib/thumb/v7e-m+fp/hard\libc_nano.a(libc_a-mlock.o)
 .debug_frame   0x0000000000002d70       0x90 C:/Users/maely/STM32CubeIDE_1.13.2/STM32CubeIDE/plugins/com.st.stm32cube.ide.mcu.externaltools.gnu-tools-for-stm32.11.3.rel1.win32_1.1.1.202309131626/tools/bin/../lib/gcc/arm-none-eabi/11.3.1/../../../../arm-none-eabi/lib/thumb/v7e-m+fp/hard\libc_nano.a(libc_a-nano-svfprintf.o)
 .debug_frame   0x0000000000002e00       0x60 C:/Users/maely/STM32CubeIDE_1.13.2/STM32CubeIDE/plugins/com.st.stm32cube.ide.mcu.externaltools.gnu-tools-for-stm32.11.3.rel1.win32_1.1.1.202309131626/tools/bin/../lib/gcc/arm-none-eabi/11.3.1/../../../../arm-none-eabi/lib/thumb/v7e-m+fp/hard\libc_nano.a(libc_a-nano-vfprintf_i.o)
 .debug_frame   0x0000000000002e60       0x28 C:/Users/maely/STM32CubeIDE_1.13.2/STM32CubeIDE/plugins/com.st.stm32cube.ide.mcu.externaltools.gnu-tools-for-stm32.11.3.rel1.win32_1.1.1.202309131626/tools/bin/../lib/gcc/arm-none-eabi/11.3.1/../../../../arm-none-eabi/lib/thumb/v7e-m+fp/hard\libc_nano.a(libc_a-memmove.o)
 .debug_frame   0x0000000000002e88       0x2c C:/Users/maely/STM32CubeIDE_1.13.2/STM32CubeIDE/plugins/com.st.stm32cube.ide.mcu.externaltools.gnu-tools-for-stm32.11.3.rel1.win32_1.1.1.202309131626/tools/bin/../lib/gcc/arm-none-eabi/11.3.1/../../../../arm-none-eabi/lib/thumb/v7e-m+fp/hard\libc_nano.a(libc_a-sbrkr.o)
 .debug_frame   0x0000000000002eb4       0x28 C:/Users/maely/STM32CubeIDE_1.13.2/STM32CubeIDE/plugins/com.st.stm32cube.ide.mcu.externaltools.gnu-tools-for-stm32.11.3.rel1.win32_1.1.1.202309131626/tools/bin/../lib/gcc/arm-none-eabi/11.3.1/../../../../arm-none-eabi/lib/thumb/v7e-m+fp/hard\libc_nano.a(libc_a-memcpy-stub.o)
 .debug_frame   0x0000000000002edc       0x3c C:/Users/maely/STM32CubeIDE_1.13.2/STM32CubeIDE/plugins/com.st.stm32cube.ide.mcu.externaltools.gnu-tools-for-stm32.11.3.rel1.win32_1.1.1.202309131626/tools/bin/../lib/gcc/arm-none-eabi/11.3.1/../../../../arm-none-eabi/lib/thumb/v7e-m+fp/hard\libc_nano.a(libc_a-reallocr.o)
 .debug_frame   0x0000000000002f18       0x20 C:/Users/maely/STM32CubeIDE_1.13.2/STM32CubeIDE/plugins/com.st.stm32cube.ide.mcu.externaltools.gnu-tools-for-stm32.11.3.rel1.win32_1.1.1.202309131626/tools/bin/../lib/gcc/arm-none-eabi/11.3.1/../../../../arm-none-eabi/lib/thumb/v7e-m+fp/hard\libc_nano.a(libc_a-msizer.o)
 .debug_frame   0x0000000000002f38       0x2c C:/Users/maely/STM32CubeIDE_1.13.2/STM32CubeIDE/plugins/com.st.stm32cube.ide.mcu.externaltools.gnu-tools-for-stm32.11.3.rel1.win32_1.1.1.202309131626/tools/bin/../lib/gcc/arm-none-eabi/11.3.1/thumb/v7e-m+fp/hard\libgcc.a(_aeabi_uldivmod.o)
 .debug_frame   0x0000000000002f64       0x34 C:/Users/maely/STM32CubeIDE_1.13.2/STM32CubeIDE/plugins/com.st.stm32cube.ide.mcu.externaltools.gnu-tools-for-stm32.11.3.rel1.win32_1.1.1.202309131626/tools/bin/../lib/gcc/arm-none-eabi/11.3.1/thumb/v7e-m+fp/hard\libgcc.a(_udivmoddi4.o)

.debug_line_str
                0x0000000000000000       0x63
 .debug_line_str
                0x0000000000000000       0x63 ./Core/Startup/startup_stm32f401retx.o
                                         0x7b (size before relaxing)
